Component: Arm Compiler for Embedded 6.21 Tool: armlink [5ec1fa00]

==============================================================================

Section Cross References

    startup_stm32f407xx.o(STACK) refers (Special) to heapauxi.o(.text) for __use_two_region_memory
    startup_stm32f407xx.o(HEAP) refers (Special) to heapauxi.o(.text) for __use_two_region_memory
    startup_stm32f407xx.o(RESET) refers (Special) to heapauxi.o(.text) for __use_two_region_memory
    startup_stm32f407xx.o(RESET) refers to startup_stm32f407xx.o(STACK) for __initial_sp
    startup_stm32f407xx.o(RESET) refers to startup_stm32f407xx.o(.text) for Reset_Handler
    startup_stm32f407xx.o(RESET) refers to stm32f4xx_it.o(.text.NMI_Handler) for NMI_Handler
    startup_stm32f407xx.o(RESET) refers to stm32f4xx_it.o(.text.HardFault_Handler) for HardFault_Handler
    startup_stm32f407xx.o(RESET) refers to stm32f4xx_it.o(.text.MemManage_Handler) for MemManage_Handler
    startup_stm32f407xx.o(RESET) refers to stm32f4xx_it.o(.text.BusFault_Handler) for BusFault_Handler
    startup_stm32f407xx.o(RESET) refers to stm32f4xx_it.o(.text.UsageFault_Handler) for UsageFault_Handler
    startup_stm32f407xx.o(RESET) refers to stm32f4xx_it.o(.text.SVC_Handler) for SVC_Handler
    startup_stm32f407xx.o(RESET) refers to stm32f4xx_it.o(.text.DebugMon_Handler) for DebugMon_Handler
    startup_stm32f407xx.o(RESET) refers to stm32f4xx_it.o(.text.PendSV_Handler) for PendSV_Handler
    startup_stm32f407xx.o(RESET) refers to stm32f4xx_it.o(.text.SysTick_Handler) for SysTick_Handler
    startup_stm32f407xx.o(RESET) refers to stm32f4xx_it.o(.text.DMA1_Stream1_IRQHandler) for DMA1_Stream1_IRQHandler
    startup_stm32f407xx.o(RESET) refers to stm32f4xx_it.o(.text.DMA1_Stream5_IRQHandler) for DMA1_Stream5_IRQHandler
    startup_stm32f407xx.o(RESET) refers to stm32f4xx_it.o(.text.CAN1_RX0_IRQHandler) for CAN1_RX0_IRQHandler
    startup_stm32f407xx.o(RESET) refers to stm32f4xx_it.o(.text.CAN1_RX1_IRQHandler) for CAN1_RX1_IRQHandler
    startup_stm32f407xx.o(RESET) refers to stm32f4xx_it.o(.text.USART1_IRQHandler) for USART1_IRQHandler
    startup_stm32f407xx.o(RESET) refers to stm32f4xx_it.o(.text.USART2_IRQHandler) for USART2_IRQHandler
    startup_stm32f407xx.o(RESET) refers to stm32f4xx_it.o(.text.USART3_IRQHandler) for USART3_IRQHandler
    startup_stm32f407xx.o(RESET) refers to stm32f4xx_it.o(.text.TIM8_BRK_TIM12_IRQHandler) for TIM8_BRK_TIM12_IRQHandler
    startup_stm32f407xx.o(RESET) refers to stm32f4xx_it.o(.text.TIM8_UP_TIM13_IRQHandler) for TIM8_UP_TIM13_IRQHandler
    startup_stm32f407xx.o(RESET) refers to stm32f4xx_it.o(.text.TIM8_TRG_COM_TIM14_IRQHandler) for TIM8_TRG_COM_TIM14_IRQHandler
    startup_stm32f407xx.o(RESET) refers to stm32f4xx_it.o(.text.TIM8_CC_IRQHandler) for TIM8_CC_IRQHandler
    startup_stm32f407xx.o(RESET) refers to stm32f4xx_it.o(.text.DMA2_Stream2_IRQHandler) for DMA2_Stream2_IRQHandler
    startup_stm32f407xx.o(.text) refers (Special) to heapauxi.o(.text) for __use_two_region_memory
    startup_stm32f407xx.o(.text) refers to system_stm32f4xx.o(.text.SystemInit) for SystemInit
    startup_stm32f407xx.o(.text) refers to __main.o(!!!main) for __main
    startup_stm32f407xx.o(.text) refers to startup_stm32f407xx.o(HEAP) for Heap_Mem
    startup_stm32f407xx.o(.text) refers to startup_stm32f407xx.o(STACK) for Stack_Mem
    main.o(.text.main) refers to stm32f4xx_hal.o(.text.HAL_Init) for HAL_Init
    main.o(.text.main) refers to main.o(.text.SystemClock_Config) for SystemClock_Config
    main.o(.text.main) refers to gpio.o(.text.MX_GPIO_Init) for MX_GPIO_Init
    main.o(.text.main) refers to dma.o(.text.MX_DMA_Init) for MX_DMA_Init
    main.o(.text.main) refers to tim.o(.text.MX_TIM1_Init) for MX_TIM1_Init
    main.o(.text.main) refers to tim.o(.text.MX_TIM2_Init) for MX_TIM2_Init
    main.o(.text.main) refers to tim.o(.text.MX_TIM3_Init) for MX_TIM3_Init
    main.o(.text.main) refers to tim.o(.text.MX_TIM4_Init) for MX_TIM4_Init
    main.o(.text.main) refers to tim.o(.text.MX_TIM5_Init) for MX_TIM5_Init
    main.o(.text.main) refers to can.o(.text.MX_CAN1_Init) for MX_CAN1_Init
    main.o(.text.main) refers to usart.o(.text.MX_USART3_UART_Init) for MX_USART3_UART_Init
    main.o(.text.main) refers to tim.o(.text.MX_TIM9_Init) for MX_TIM9_Init
    main.o(.text.main) refers to tim.o(.text.MX_TIM10_Init) for MX_TIM10_Init
    main.o(.text.main) refers to tim.o(.text.MX_TIM11_Init) for MX_TIM11_Init
    main.o(.text.main) refers to usart.o(.text.MX_USART1_UART_Init) for MX_USART1_UART_Init
    main.o(.text.main) refers to usart.o(.text.MX_USART2_UART_Init) for MX_USART2_UART_Init
    main.o(.text.main) refers to tim.o(.text.MX_TIM8_Init) for MX_TIM8_Init
    main.o(.text.main) refers to task.o(.text.Task_Init) for Task_Init
    main.o(.ARM.exidx.text.main) refers to main.o(.text.main) for [Anonymous Symbol]
    main.o(.text.SystemClock_Config) refers to rt_memclr_w.o(.text) for __aeabi_memclr4
[...]
    OTG_HS_IRQHandler                        0x08000273   Thumb Code     0  startup_stm32f407xx.o(.text)
    OTG_HS_WKUP_IRQHandler                   0x08000273   Thumb Code     0  startup_stm32f407xx.o(.text)
    PVD_IRQHandler                           0x08000273   Thumb Code     0  startup_stm32f407xx.o(.text)
    RCC_IRQHandler                           0x08000273   Thumb Code     0  startup_stm32f407xx.o(.text)
    RTC_Alarm_IRQHandler                     0x08000273   Thumb Code     0  startup_stm32f407xx.o(.text)
    RTC_WKUP_IRQHandler                      0x08000273   Thumb Code     0  startup_stm32f407xx.o(.text)
    SDIO_IRQHandler                          0x08000273   Thumb Code     0  startup_stm32f407xx.o(.text)
    SPI1_IRQHandler                          0x08000273   Thumb Code     0  startup_stm32f407xx.o(.text)
    SPI2_IRQHandler                          0x08000273   Thumb Code     0  startup_stm32f407xx.o(.text)
    SPI3_IRQHandler                          0x08000273   Thumb Code     0  startup_stm32f407xx.o(.text)
    TAMP_STAMP_IRQHandler                    0x08000273   Thumb Code     0  startup_stm32f407xx.o(.text)
    TIM1_BRK_TIM9_IRQHandler                 0x08000273   Thumb Code     0  startup_stm32f407xx.o(.text)
    TIM1_CC_IRQHandler                       0x08000273   Thumb Code     0  startup_stm32f407xx.o(.text)
    TIM1_TRG_COM_TIM11_IRQHandler            0x08000273   Thumb Code     0  startup_stm32f407xx.o(.text)
    TIM1_UP_TIM10_IRQHandler                 0x08000273   Thumb Code     0  startup_stm32f407xx.o(.text)
    TIM2_IRQHandler                          0x08000273   Thumb Code     0  startup_stm32f407xx.o(.text)
    TIM3_IRQHandler                          0x08000273   Thumb Code     0  startup_stm32f407xx.o(.text)
    TIM4_IRQHandler                          0x08000273   Thumb Code     0  startup_stm32f407xx.o(.text)
    TIM5_IRQHandler                          0x08000273   Thumb Code     0  startup_stm32f407xx.o(.text)
    TIM6_DAC_IRQHandler                      0x08000273   Thumb Code     0  startup_stm32f407xx.o(.text)
    TIM7_IRQHandler                          0x08000273   Thumb Code     0  startup_stm32f407xx.o(.text)
    UART4_IRQHandler                         0x08000273   Thumb Code     0  startup_stm32f407xx.o(.text)
    UART5_IRQHandler                         0x08000273   Thumb Code     0  startup_stm32f407xx.o(.text)
    USART6_IRQHandler                        0x08000273   Thumb Code     0  startup_stm32f407xx.o(.text)
    WWDG_IRQHandler                          0x08000273   Thumb Code     0  startup_stm32f407xx.o(.text)
    __user_initial_stackheap                 0x08000275   Thumb Code     0  startup_stm32f407xx.o(.text)
    __aeabi_uldivmod                         0x08000299   Thumb Code     0  lludivv7m.o(.text)
    _ll_udiv                                 0x08000299   Thumb Code   240  lludivv7m.o(.text)
    __aeabi_memclr4                          0x08000389   Thumb Code     0  rt_memclr_w.o(.text)
    __aeabi_memclr8                          0x08000389   Thumb Code     0  rt_memclr_w.o(.text)
    __rt_memclr_w                            0x08000389   Thumb Code     0  rt_memclr_w.o(.text)
    _memset_w                                0x0800038d   Thumb Code    74  rt_memclr_w.o(.text)
    __use_two_region_memory                  0x080003d7   Thumb Code     2  heapauxi.o(.text)
    __rt_heap_escrow$2region                 0x080003d9   Thumb Code     2  heapauxi.o(.text)
    __rt_heap_expand$2region                 0x080003db   Thumb Code     2  heapauxi.o(.text)
    __cpp_initialize__aeabi_                 0x080003dd   Thumb Code    36  init_aeabi.o(.text)
    __read_errno                             0x08000409   Thumb Code    10  _rserrno.o(.text)
    __set_errno                              0x08000413   Thumb Code    12  _rserrno.o(.text)
    __aeabi_errno_addr                       0x08000421   Thumb Code     8  rt_errno_addr_intlibspace.o(.text)
    __errno$intlibspace                      0x08000421   Thumb Code     0  rt_errno_addr_intlibspace.o(.text)
    __rt_errno_addr$intlibspace              0x08000421   Thumb Code     0  rt_errno_addr_intlibspace.o(.text)
    __user_libspace                          0x08000429   Thumb Code     8  libspace.o(.text)
    __user_perproc_libspace                  0x08000429   Thumb Code     0  libspace.o(.text)
    __user_perthread_libspace                0x08000429   Thumb Code     0  libspace.o(.text)
    __user_setup_stackheap                   0x08000431   Thumb Code    74  sys_stackheap_outer.o(.text)
    exit                                     0x0800047b   Thumb Code    18  exit.o(.text)
    _sys_exit                                0x0800048d   Thumb Code     8  sys_exit.o(.text)
    __I$use$semihosting                      0x08000499   Thumb Code     0  use_no_semi.o(.text)
    __use_no_semihosting_swi                 0x08000499   Thumb Code     2  use_no_semi.o(.text)
    __semihosting_library_function           0x0800049b   Thumb Code     0  indicate_semi.o(.text)
    BusFault_Handler                         0x0800049d   Thumb Code     4  stm32f4xx_it.o(.text.BusFault_Handler)
    CAN1_RX0_IRQHandler                      0x080004a1   Thumb Code    16  stm32f4xx_it.o(.text.CAN1_RX0_IRQHandler)
    CAN1_RX1_IRQHandler                      0x080004b1   Thumb Code    16  stm32f4xx_it.o(.text.CAN1_RX1_IRQHandler)
    DMA1_Stream1_IRQHandler                  0x080004c1   Thumb Code    16  stm32f4xx_it.o(.text.DMA1_Stream1_IRQHandler)
    DMA1_Stream5_IRQHandler                  0x080004d1   Thumb Code    16  stm32f4xx_it.o(.text.DMA1_Stream5_IRQHandler)
    DMA2_Stream2_IRQHandler                  0x080004e1   Thumb Code    16  stm32f4xx_it.o(.text.DMA2_Stream2_IRQHandler)
    DebugMon_Handler                         0x08000689   Thumb Code     2  stm32f4xx_it.o(.text.DebugMon_Handler)
    Error_Handler                            0x0800068d   Thumb Code     6  main.o(.text.Error_Handler)
    HAL_CAN_ActivateNotification             0x08000695   Thumb Code    82  stm32f4xx_hal_can.o(.text.HAL_CAN_ActivateNotification)
    HAL_CAN_AddTxMessage                     0x080006e9   Thumb Code   342  stm32f4xx_hal_can.o(.text.HAL_CAN_AddTxMessage)
    HAL_CAN_ConfigFilter                     0x08000841   Thumb Code   414  stm32f4xx_hal_can.o(.text.HAL_CAN_ConfigFilter)
    HAL_CAN_ErrorCallback                    0x080009e1   Thumb Code     8  stm32f4xx_hal_can.o(.text.HAL_CAN_ErrorCallback)
    HAL_CAN_GetRxMessage                     0x080009e9   Thumb Code   530  stm32f4xx_hal_can.o(.text.HAL_CAN_GetRxMessage)
    HAL_CAN_IRQHandler                       0x08000bfd   Thumb Code  1010  stm32f4xx_hal_can.o(.text.HAL_CAN_IRQHandler)
    HAL_CAN_Init                             0x08000ff1   Thumb Code   478  stm32f4xx_hal_can.o(.text.HAL_CAN_Init)
    HAL_CAN_MspInit                          0x080011d1   Thumb Code   180  can.o(.text.HAL_CAN_MspInit)
    HAL_CAN_RxFifo0FullCallback              0x08001285   Thumb Code     8  stm32f4xx_hal_can.o(.text.HAL_CAN_RxFifo0FullCallback)
    HAL_CAN_RxFifo0MsgPendingCallback        0x0800128d   Thumb Code   120  drv_can.o(.text.HAL_CAN_RxFifo0MsgPendingCallback)
    HAL_CAN_RxFifo1FullCallback              0x08001305   Thumb Code     8  stm32f4xx_hal_can.o(.text.HAL_CAN_RxFifo1FullCallback)
    HAL_CAN_RxFifo1MsgPendingCallback        0x0800130d   Thumb Code   120  drv_can.o(.text.HAL_CAN_RxFifo1MsgPendingCallback)
    HAL_CAN_SleepCallback                    0x08001385   Thumb Code     8  stm32f4xx_hal_can.o(.text.HAL_CAN_SleepCallback)
    HAL_CAN_Start                            0x0800138d   Thumb Code   138  stm32f4xx_hal_can.o(.text.HAL_CAN_Start)
    HAL_CAN_TxMailbox0AbortCallback          0x08001419   Thumb Code     8  stm32f4xx_hal_can.o(.text.HAL_CAN_TxMailbox0AbortCallback)
    HAL_CAN_TxMailbox0CompleteCallback       0x08001421   Thumb Code     8  stm32f4xx_hal_can.o(.text.HAL_CAN_TxMailbox0CompleteCallback)
    HAL_CAN_TxMailbox1AbortCallback          0x08001429   Thumb Code     8  stm32f4xx_hal_can.o(.text.HAL_CAN_TxMailbox1AbortCallback)
    HAL_CAN_TxMailbox1CompleteCallback       0x08001431   Thumb Code     8  stm32f4xx_hal_can.o(.text.HAL_CAN_TxMailbox1CompleteCallback)
    HAL_CAN_TxMailbox2AbortCallback          0x08001439   Thumb Code     8  stm32f4xx_hal_can.o(.text.HAL_CAN_TxMailbox2AbortCallback)
    HAL_CAN_TxMailbox2CompleteCallback       0x08001441   Thumb Code     8  stm32f4xx_hal_can.o(.text.HAL_CAN_TxMailbox2CompleteCallback)
    HAL_CAN_WakeUpFromRxMsgCallback          0x08001449   Thumb Code     8  stm32f4xx_hal_can.o(.text.HAL_CAN_WakeUpFromRxMsgCallback)
    HAL_DMA_Abort                            0x08001451   Thumb Code   236  stm32f4xx_hal_dma.o(.text.HAL_DMA_Abort)
    HAL_DMA_Abort_IT                         0x0800153d   Thumb Code    68  stm32f4xx_hal_dma.o(.text.HAL_DMA_Abort_IT)
    HAL_DMA_IRQHandler                       0x08001581   Thumb Code   798  stm32f4xx_hal_dma.o(.text.HAL_DMA_IRQHandler)
    HAL_DMA_Init                             0x080018a1   Thumb Code   366  stm32f4xx_hal_dma.o(.text.HAL_DMA_Init)
    HAL_DMA_Start_IT                         0x08001a11   Thumb Code   194  stm32f4xx_hal_dma.o(.text.HAL_DMA_Start_IT)
    HAL_GPIO_Init                            0x08001ad5   Thumb Code   950  stm32f4xx_hal_gpio.o(.text.HAL_GPIO_Init)
    HAL_GPIO_ReadPin                         0x08001e8d   Thumb Code    46  stm32f4xx_hal_gpio.o(.text.HAL_GPIO_ReadPin)
    HAL_GetTick                              0x08001ebd   Thumb Code    12  stm32f4xx_hal.o(.text.HAL_GetTick)
    HAL_IncTick                              0x08001ec9   Thumb Code    26  stm32f4xx_hal.o(.text.HAL_IncTick)
    HAL_Init                                 0x08001ee5   Thumb Code    54  stm32f4xx_hal.o(.text.HAL_Init)
    HAL_InitTick                             0x08001f1d   Thumb Code   112  stm32f4xx_hal.o(.text.HAL_InitTick)
    HAL_MspInit                              0x08001f8d   Thumb Code    74  stm32f4xx_hal_msp.o(.text.HAL_MspInit)
    HAL_NVIC_EnableIRQ                       0x08001fd9   Thumb Code    20  stm32f4xx_hal_cortex.o(.text.HAL_NVIC_EnableIRQ)
    HAL_NVIC_SetPriority                     0x08001fed   Thumb Code    50  stm32f4xx_hal_cortex.o(.text.HAL_NVIC_SetPriority)
    HAL_NVIC_SetPriorityGrouping             0x08002021   Thumb Code    16  stm32f4xx_hal_cortex.o(.text.HAL_NVIC_SetPriorityGrouping)
    HAL_RCC_ClockConfig                      0x08002031   Thumb Code   610  stm32f4xx_hal_rcc.o(.text.HAL_RCC_ClockConfig)
    HAL_RCC_GetHCLKFreq                      0x08002295   Thumb Code    12  stm32f4xx_hal_rcc.o(.text.HAL_RCC_GetHCLKFreq)
    HAL_RCC_GetPCLK1Freq                     0x080022a1   Thumb Code    34  stm32f4xx_hal_rcc.o(.text.HAL_RCC_GetPCLK1Freq)
    HAL_RCC_GetPCLK2Freq                     0x080022c5   Thumb Code    34  stm32f4xx_hal_rcc.o(.text.HAL_RCC_GetPCLK2Freq)
    HAL_RCC_GetSysClockFreq                  0x080022e9   Thumb Code   230  stm32f4xx_hal_rcc.o(.text.HAL_RCC_GetSysClockFreq)
    HAL_RCC_OscConfig                        0x080023d1   Thumb Code  1726  stm32f4xx_hal_rcc.o(.text.HAL_RCC_OscConfig)
    HAL_SYSTICK_Config                       0x08002a91   Thumb Code    16  stm32f4xx_hal_cortex.o(.text.HAL_SYSTICK_Config)
    HAL_TIMEx_BreakCallback                  0x08002aa1   Thumb Code     8  stm32f4xx_hal_tim_ex.o(.text.HAL_TIMEx_BreakCallback)
    HAL_TIMEx_CommutCallback                 0x08002aa9   Thumb Code     8  stm32f4xx_hal_tim_ex.o(.text.HAL_TIMEx_CommutCallback)
    HAL_TIMEx_ConfigBreakDeadTime            0x08002ab1   Thumb Code   178  stm32f4xx_hal_tim_ex.o(.text.HAL_TIMEx_ConfigBreakDeadTime)
    HAL_TIMEx_MasterConfigSynchronization    0x08002b65   Thumb Code   290  stm32f4xx_hal_tim_ex.o(.text.HAL_TIMEx_MasterConfigSynchronization)
    HAL_TIM_Base_Init                        0x08002c89   Thumb Code   156  stm32f4xx_hal_tim.o(.text.HAL_TIM_Base_Init)
    HAL_TIM_Base_MspInit                     0x08002d25   Thumb Code   360  tim.o(.text.HAL_TIM_Base_MspInit)
    HAL_TIM_Base_Start_IT                    0x08002e8d   Thumb Code   246  stm32f4xx_hal_tim.o(.text.HAL_TIM_Base_Start_IT)
    HAL_TIM_ConfigClockSource                0x08002f85   Thumb Code   388  stm32f4xx_hal_tim.o(.text.HAL_TIM_ConfigClockSource)
    HAL_TIM_Encoder_Init                     0x08003109   Thumb Code   304  stm32f4xx_hal_tim.o(.text.HAL_TIM_Encoder_Init)
    HAL_TIM_Encoder_MspInit                  0x08003239   Thumb Code   572  tim.o(.text.HAL_TIM_Encoder_MspInit)
    HAL_TIM_Encoder_Start                    0x08003475   Thumb Code   334  stm32f4xx_hal_tim.o(.text.HAL_TIM_Encoder_Start)
    HAL_TIM_IC_CaptureCallback               0x080035c5   Thumb Code     8  stm32f4xx_hal_tim.o(.text.HAL_TIM_IC_CaptureCallback)
    HAL_TIM_IRQHandler                       0x080035cd   Thumb Code   538  stm32f4xx_hal_tim.o(.text.HAL_TIM_IRQHandler)
    HAL_TIM_MspPostInit                      0x080037e9   Thumb Code   374  tim.o(.text.HAL_TIM_MspPostInit)
    HAL_TIM_OC_DelayElapsedCallback          0x08003961   Thumb Code     8  stm32f4xx_hal_tim.o(.text.HAL_TIM_OC_DelayElapsedCallback)
    HAL_TIM_PWM_ConfigChannel                0x08003969   Thumb Code   322  stm32f4xx_hal_tim.o(.text.HAL_TIM_PWM_ConfigChannel)
    HAL_TIM_PWM_Init                         0x08003aad   Thumb Code   156  stm32f4xx_hal_tim.o(.text.HAL_TIM_PWM_Init)
    HAL_TIM_PWM_MspInit                      0x08003b49   Thumb Code     8  stm32f4xx_hal_tim.o(.text.HAL_TIM_PWM_MspInit)
    HAL_TIM_PWM_PulseFinishedCallback        0x08003b51   Thumb Code     8  stm32f4xx_hal_tim.o(.text.HAL_TIM_PWM_PulseFinishedCallback)
    HAL_TIM_PWM_Start                        0x08003b59   Thumb Code   458  stm32f4xx_hal_tim.o(.text.HAL_TIM_PWM_Start)
    HAL_TIM_PeriodElapsedCallback            0x08003d25   Thumb Code   476  drv_tim.o(.text.HAL_TIM_PeriodElapsedCallback)
    HAL_TIM_TriggerCallback                  0x08003f01   Thumb Code     8  stm32f4xx_hal_tim.o(.text.HAL_TIM_TriggerCallback)
    HAL_UARTEx_ReceiveToIdle_DMA             0x08003f09   Thumb Code   184  stm32f4xx_hal_uart.o(.text.HAL_UARTEx_ReceiveToIdle_DMA)
    HAL_UARTEx_RxEventCallback               0x08003fc1   Thumb Code   152  drv_uart.o(.text.HAL_UARTEx_RxEventCallback)
    HAL_UART_ErrorCallback                   0x08004059   Thumb Code     8  stm32f4xx_hal_uart.o(.text.HAL_UART_ErrorCallback)
    HAL_UART_IRQHandler                      0x08004061   Thumb Code  1116  stm32f4xx_hal_uart.o(.text.HAL_UART_IRQHandler)
    HAL_UART_Init                            0x080044bd   Thumb Code   158  stm32f4xx_hal_uart.o(.text.HAL_UART_Init)
    HAL_UART_MspInit                         0x0800455d   Thumb Code   704  usart.o(.text.HAL_UART_MspInit)
    HAL_UART_RxCpltCallback                  0x0800481d   Thumb Code     8  stm32f4xx_hal_uart.o(.text.HAL_UART_RxCpltCallback)
    HAL_UART_RxHalfCpltCallback              0x08004825   Thumb Code     8  stm32f4xx_hal_uart.o(.text.HAL_UART_RxHalfCpltCallback)
    HAL_UART_TxCpltCallback                  0x0800482d   Thumb Code     8  stm32f4xx_hal_uart.o(.text.HAL_UART_TxCpltCallback)
    HardFault_Handler                        0x08004835   Thumb Code     4  stm32f4xx_it.o(.text.HardFault_Handler)
    MX_CAN1_Init                             0x08004839   Thumb Code    78  can.o(.text.MX_CAN1_Init)
    MX_DMA_Init                              0x08004889   Thumb Code   132  dma.o(.text.MX_DMA_Init)
    MX_GPIO_Init                             0x0800490d   Thumb Code   216  gpio.o(.text.MX_GPIO_Init)
    MX_TIM10_Init                            0x080049e5   Thumb Code   144  tim.o(.text.MX_TIM10_Init)
    MX_TIM11_Init                            0x08004a75   Thumb Code   144  tim.o(.text.MX_TIM11_Init)
    MX_TIM1_Init                             0x08004b05   Thumb Code   362  tim.o(.text.MX_TIM1_Init)
    MX_TIM2_Init                             0x08004c71   Thumb Code   122  tim.o(.text.MX_TIM2_Init)
    MX_TIM3_Init                             0x08004ced   Thumb Code   126  tim.o(.text.MX_TIM3_Init)
    MX_TIM4_Init                             0x08004d6d   Thumb Code   126  tim.o(.text.MX_TIM4_Init)
    MX_TIM5_Init                             0x08004ded   Thumb Code   126  tim.o(.text.MX_TIM5_Init)
    MX_TIM8_Init                             0x08004e6d   Thumb Code   138  tim.o(.text.MX_TIM8_Init)
    MX_TIM9_Init                             0x08004ef9   Thumb Code   208  tim.o(.text.MX_TIM9_Init)
    MX_USART1_UART_Init                      0x08004fc9   Thumb Code    64  usart.o(.text.MX_USART1_UART_Init)
    MX_USART2_UART_Init                      0x08005009   Thumb Code    64  usart.o(.text.MX_USART2_UART_Init)
    MX_USART3_UART_Init                      0x08005049   Thumb Code    64  usart.o(.text.MX_USART3_UART_Init)
    MemManage_Handler                        0x08005089   Thumb Code     4  stm32f4xx_it.o(.text.MemManage_Handler)
    NMI_Handler                              0x0800508d   Thumb Code     4  stm32f4xx_it.o(.text.NMI_Handler)
    PendSV_Handler                           0x080050fd   Thumb Code     2  stm32f4xx_it.o(.text.PendSV_Handler)
    SVC_Handler                              0x08005101   Thumb Code     2  stm32f4xx_it.o(.text.SVC_Handler)
    SysTick_Handler                          0x08005159   Thumb Code     8  stm32f4xx_it.o(.text.SysTick_Handler)
    SystemClock_Config                       0x08005161   Thumb Code   186  main.o(.text.SystemClock_Config)
    SystemInit                               0x0800521d   Thumb Code    18  system_stm32f4xx.o(.text.SystemInit)
    TIM8_BRK_TIM12_IRQHandler                0x08005231   Thumb Code    16  stm32f4xx_it.o(.text.TIM8_BRK_TIM12_IRQHandler)
    TIM8_CC_IRQHandler                       0x08005241   Thumb Code    16  stm32f4xx_it.o(.text.TIM8_CC_IRQHandler)
    TIM8_TRG_COM_TIM14_IRQHandler            0x08005251   Thumb Code    16  stm32f4xx_it.o(.text.TIM8_TRG_COM_TIM14_IRQHandler)
    TIM8_UP_TIM13_IRQHandler                 0x08005261   Thumb Code    16  stm32f4xx_it.o(.text.TIM8_UP_TIM13_IRQHandler)
    TIM_Base_SetConfig                       0x08005271   Thumb Code   420  stm32f4xx_hal_tim.o(.text.TIM_Base_SetConfig)
    TIM_CCxChannelCmd                        0x08005415   Thumb Code    54  stm32f4xx_hal_tim.o(.text.TIM_CCxChannelCmd)
    TIM_ETR_SetConfig                        0x0800544d   Thumb Code    52  stm32f4xx_hal_tim.o(.text.TIM_ETR_SetConfig)
    TIM_Init                                 0x080054ad   Thumb Code   532  drv_tim.o(.text.TIM_Init)
    TIM_OC2_SetConfig                        0x080057ad   Thumb Code   244  stm32f4xx_hal_tim.o(.text.TIM_OC2_SetConfig)
    Task_Init                                0x08005add   Thumb Code   186  task.o(.text.Task_Init)
    UART_Init                                0x08005e4d   Thumb Code   138  drv_uart.o(.text.UART_Init)
    UART_Start_Receive_DMA                   0x0800617d   Thumb Code   304  stm32f4xx_hal_uart.o(.text.UART_Start_Receive_DMA)
    USART1_IRQHandler                        0x08006341   Thumb Code    16  stm32f4xx_it.o(.text.USART1_IRQHandler)
    USART2_IRQHandler                        0x08006351   Thumb Code    16  stm32f4xx_it.o(.text.USART2_IRQHandler)
    USART3_IRQHandler                        0x08006361   Thumb Code    16  stm32f4xx_it.o(.text.USART3_IRQHandler)
    UsageFault_Handler                       0x08006371   Thumb Code     4  stm32f4xx_it.o(.text.UsageFault_Handler)
    DATA_Trans(unsigned char, unsigned char, unsigned char, unsigned char) 0x0800637d   Thumb Code   228  dvc_n100.o(.text._Z10DATA_Transhhhh)
    CAN_Send_Data(CAN_HandleTypeDef*, unsigned short, unsigned char*, unsigned short) 0x08006465   Thumb Code    52  drv_can.o(.text._Z13CAN_Send_DataP17CAN_HandleTypeDeftPht)
    void Math_Constrain<float>(float*, float, float) 0x08006499   Thumb Code    78  alg_pid.o(.text._Z14Math_ConstrainIfEvPT_S0_S0_)
    allocate_tx_data(CAN_HandleTypeDef*, Enum_LK_Motor_ID) 0x080064e9   Thumb Code   156  dvc_lkmotor.o(.text._Z16allocate_tx_dataP17CAN_HandleTypeDef16Enum_LK_Motor_ID)
    Task_UART3_Callback(unsigned char*, unsigned short) 0x08006585   Thumb Code    12  task.o(.text._Z19Task_UART3_CallbackPht)
    Task1ms_TIM8_Callback()                  0x08006591   Thumb Code    96  task.o(.text._Z21Task1ms_TIM8_Callbackv)
    can_filter_mask_config(CAN_HandleTypeDef*, unsigned char, unsigned int, unsigned int) 0x080065f1   Thumb Code   158  drv_can.o(.text._Z22can_filter_mask_configP17CAN_HandleTypeDefhjj)
    Chassis_Device_CAN1_Callback(Struct_CAN_Rx_Buffer*) 0x08006691   Thumb Code    70  task.o(.text._Z28Chassis_Device_CAN1_CallbackP20Struct_CAN_Rx_Buffer)
    TIM_CAN_PeriodElapsedCallback()          0x080066d9   Thumb Code    66  drv_can.o(.text._Z29TIM_CAN_PeriodElapsedCallbackv)
    CAN_Init(CAN_HandleTypeDef*, void (*)(Struct_CAN_Rx_Buffer*)) 0x0800671d   Thumb Code   162  drv_can.o(.text._Z8CAN_InitP17CAN_HandleTypeDefPFvP20Struct_CAN_Rx_BufferE)
    float Math_Abs<float>(float)             0x080067c1   Thumb Code    54  alg_pid.o(.text._Z8Math_AbsIfET_S0_)
    timestamp(unsigned char, unsigned char, unsigned char, unsigned char, unsigned char, unsigned char, unsigned char, unsigned char) 0x080067f9   Thumb Code   134  dvc_n100.o(.text._Z9timestamphhhhhhhh)
    Class_N100::Data_Process()               0x08006881   Thumb Code   340  dvc_n100.o(.text._ZN10Class_N10012Data_ProcessEv)
    Class_N100::CAN_RxCpltCallback(unsigned char*) 0x080069d9   Thumb Code   320  dvc_n100.o(.text._ZN10Class_N10018CAN_RxCpltCallbackEPh)
    Class_N100::Init(CAN_HandleTypeDef*)     0x08006b19   Thumb Code    80  dvc_n100.o(.text._ZN10Class_N1004InitEP17CAN_HandleTypeDef)
    Class_N100::Class_N100__sub_object()     0x08006b69   Thumb Code    16  task.o(.text._ZN10Class_N100C2Ev)
    Class_EoCar::TIM_Calculate_PeriodElapsedCallback() 0x08006b79   Thumb Code    28  ita_car.o(.text._ZN11Class_EoCar35TIM_Calculate_PeriodElapsedCallbackEv)
    Class_EoCar::Init()                      0x08006b95   Thumb Code    58  ita_car.o(.text._ZN11Class_EoCar4InitEv)
    Class_EoCar::Class_EoCar__sub_object()   0x08006bd1   Thumb Code    40  task.o(.text._ZN11Class_EoCarC2Ev)
    Class_Gimbal::Set_Gimbal_Control_Type(Enum_Gimbal_Control_Type) 0x08006bf9   Thumb Code    22  task.o(.text._ZN12Class_Gimbal23Set_Gimbal_Control_TypeE24Enum_Gimbal_Control_Type)
    Class_Gimbal::TIM_Calculate_PeriodElapsedCallback() 0x08006c11   Thumb Code    24  crt_gimbal.o(.text._ZN12Class_Gimbal35TIM_Calculate_PeriodElapsedCallbackEv)
    Class_Gimbal::Init()                     0x08006c29   Thumb Code   164  crt_gimbal.o(.text._ZN12Class_Gimbal4InitEv)
    Class_Gimbal::Output()                   0x08006ce5   Thumb Code    84  crt_gimbal.o(.text._ZN12Class_Gimbal6OutputEv)
    Class_Gimbal::Class_Gimbal__sub_object() 0x08006d3d   Thumb Code    26  task.o(.text._ZN12Class_GimbalC2Ev)
    Class_LK_Motor::Data_Process()           0x08006d59   Thumb Code   336  dvc_lkmotor.o(.text._ZN14Class_LK_Motor12Data_ProcessEv)
    Class_LK_Motor::Cale_Now_Omage()         0x08006eb5   Thumb Code    48  dvc_lkmotor.o(.text._ZN14Class_LK_Motor14Cale_Now_OmageEv)
    Class_LK_Motor::Set_Target_Angle(float)  0x08006ee9   Thumb Code    20  crt_gimbal.o(.text._ZN14Class_LK_Motor16Set_Target_AngleEf)
    Class_LK_Motor::Set_Target_Torque(float) 0x08006efd   Thumb Code    20  crt_gimbal.o(.text._ZN14Class_LK_Motor17Set_Target_TorqueEf)
    Class_LK_Motor::CAN_RxCpltCallback(unsigned char*) 0x08006f11   Thumb Code    28  dvc_lkmotor.o(.text._ZN14Class_LK_Motor18CAN_RxCpltCallbackEPh)
    Class_LK_Motor::Set_LK_Motor_Control_ID(Enum_LK_Motor_Control_ID) 0x08006f2d   Thumb Code    22  crt_gimbal.o(.text._ZN14Class_LK_Motor23Set_LK_Motor_Control_IDE24Enum_LK_Motor_Control_ID)
    Class_LK_Motor::Set_LK_Motor_Control_Method(Enum_LK_Motor_Control_Method) 0x08006f45   Thumb Code    22  crt_gimbal.o(.text._ZN14Class_LK_Motor27Set_LK_Motor_Control_MethodE28Enum_LK_Motor_Control_Method)
    Class_LK_Motor::TIM_Process_PeriodElapsedCallback() 0x08006f5d   Thumb Code   352  dvc_lkmotor.o(.text._ZN14Class_LK_Motor33TIM_Process_PeriodElapsedCallbackEv)
    Class_LK_Motor::Init(CAN_HandleTypeDef*, Enum_LK_Motor_ID, float, int, float, Enum_LK_Motor_Control_Method) 0x080070cd   Thumb Code   176  dvc_lkmotor.o(.text._ZN14Class_LK_Motor4InitEP17CAN_HandleTypeDef16Enum_LK_Motor_IDfif28Enum_LK_Motor_Control_Method)
    Class_LK_Motor::Output()                 0x0800717d   Thumb Code   292  dvc_lkmotor.o(.text._ZN14Class_LK_Motor6OutputEv)
    Class_LK_Motor::Class_LK_Motor__sub_object() 0x080072a5   Thumb Code   154  task.o(.text._ZN14Class_LK_MotorC2Ev)
    Class_EncoderMotor::TIM_Encoder_Calculate() 0x08007341   Thumb Code   292  dvc_encodermotor.o(.text._ZN18Class_EncoderMotor21TIM_Encoder_CalculateEv)
    Class_EncoderMotor::Get_EncoderMotor_PWMOutput() 0x08007471   Thumb Code    14  crt_chassis.o(.text._ZN18Class_EncoderMotor26Get_EncoderMotor_PWMOutputEv)
    Class_EncoderMotor::Set_EncoderMotor_PWMOutput(short) 0x08007481   Thumb Code    22  crt_chassis.o(.text._ZN18Class_EncoderMotor26Set_EncoderMotor_PWMOutputEs)
    Class_EncoderMotor::Set_EncoderMotor_Target_Velocity(float) 0x08007499   Thumb Code    20  crt_chassis.o(.text._ZN18Class_EncoderMotor32Set_EncoderMotor_Target_VelocityEf)
    Class_EncoderMotor::TIM_Calculate_PeriodElapsedCallback() 0x080074ad   Thumb Code    64  dvc_encodermotor.o(.text._ZN18Class_EncoderMotor35TIM_Calculate_PeriodElapsedCallbackEv)
    Class_EncoderMotor::Init(TIM_HandleTypeDef*, unsigned short, unsigned int, float, float) 0x080074ed   Thumb Code    90  dvc_encodermotor.o(.text._ZN18Class_EncoderMotor4InitEP17TIM_HandleTypeDeftjff)
    Class_EncoderMotor::Class_EncoderMotor__sub_object() 0x08007549   Thumb Code    26  task.o(.text._ZN18Class_EncoderMotorC2Ev)
    Class_Tricycle_Chassis::Speed_Resolution() 0x08007565   Thumb Code   400  crt_chassis.o(.text._ZN22Class_Tricycle_Chassis16Speed_ResolutionEv)
    Class_Tricycle_Chassis::TIM_Calculate_PeriodElapsedCallback() 0x080076f9   Thumb Code   370  crt_chassis.o(.text._ZN22Class_Tricycle_Chassis35TIM_Calculate_PeriodElapsedCallbackEv)
    Class_Tricycle_Chassis::Init(float, float, float) 0x0800786d   Thumb Code   416  crt_chassis.o(.text._ZN22Class_Tricycle_Chassis4InitEfff)
    Class_Tricycle_Chassis::Class_Tricycle_Chassis__sub_object() 0x08007a29   Thumb Code    86  task.o(.text._ZN22Class_Tricycle_ChassisC2Ev)
    Class_PID::Set_Target(float)             0x08007a81   Thumb Code    18  dvc_encodermotor.o(.text._ZN9Class_PID10Set_TargetEf)
    Class_PID::TIM_Adjust_PeriodElapsedCallback() 0x08007a95   Thumb Code   688  alg_pid.o(.text._ZN9Class_PID32TIM_Adjust_PeriodElapsedCallbackEv)
    Class_PID::Init(float, float, float, float, float, float, float, float, float, float, float, Enum_PID_D_First) 0x08007d45   Thumb Code   116  alg_pid.o(.text._ZN9Class_PID4InitEfffffffffff16Enum_PID_D_First)
    Class_PID::Get_Out()                     0x08007db9   Thumb Code    14  dvc_encodermotor.o(.text._ZN9Class_PID7Get_OutEv)
    Class_PID::Set_Now(float)                0x08007dc9   Thumb Code    18  dvc_encodermotor.o(.text._ZN9Class_PID7Set_NowEf)
    Class_PID::Class_PID__sub_object()       0x08007ddd   Thumb Code    48  task.o(.text._ZN9Class_PIDC2Ev)
    double std::__2::__math::pow[abi:v180000]<int>(double, double) 0x08007e0d   Thumb Code    28  dvc_n100.o(.text._ZNSt3__26__math3powB7v180000IiEEddd)
    std::__2::__promote<int, int, void>::type std::__2::__math::pow[abi:v180000]<int, int, 0>(int, int) 0x08007e29   Thumb Code    44  dvc_n100.o(.text._ZNSt3__26__math3powB7v180000IiiLi0EEENS_9__promoteIT_T0_vE4typeES3_S4_)
    main                                     0x08007f25   Thumb Code    84  main.o(.text.main)
    __ARM_fpclassify                         0x08007f79   Thumb Code    48  fpclassify.o(i.__ARM_fpclassify)
    __hardfp_pow                             0x08007fa9   Thumb Code  3088  pow.o(i.__hardfp_pow)
    __kernel_poly                            0x08008c09   Thumb Code   248  poly.o(i.__kernel_poly)
    __mathlib_dbl_divzero                    0x08008d01   Thumb Code    28  dunder.o(i.__mathlib_dbl_divzero)
    __mathlib_dbl_infnan2                    0x08008d31   Thumb Code    20  dunder.o(i.__mathlib_dbl_infnan2)
    __mathlib_dbl_invalid                    0x08008d49   Thumb Code    24  dunder.o(i.__mathlib_dbl_invalid)
    __mathlib_dbl_overflow                   0x08008d69   Thumb Code    24  dunder.o(i.__mathlib_dbl_overflow)
    __mathlib_dbl_underflow                  0x08008d89   Thumb Code    24  dunder.o(i.__mathlib_dbl_underflow)
    fabs                                     0x08008da9   Thumb Code    24  fabs.o(i.fabs)
    sqrt                                     0x08008dc1   Thumb Code   110  sqrt.o(i.sqrt)
    __aeabi_dneg                             0x08008e2f   Thumb Code     0  basic.o(x$fpl$basic)
    _dneg                                    0x08008e2f   Thumb Code     6  basic.o(x$fpl$basic)
    __aeabi_fneg                             0x08008e35   Thumb Code     0  basic.o(x$fpl$basic)
    _fneg                                    0x08008e35   Thumb Code     6  basic.o(x$fpl$basic)
    _dabs                                    0x08008e3b   Thumb Code     6  basic.o(x$fpl$basic)
    _fabs                                    0x08008e41   Thumb Code     6  basic.o(x$fpl$basic)
    __aeabi_d2f                              0x08008e49   Thumb Code     0  d2f.o(x$fpl$d2f)
    _d2f                                     0x08008e49   Thumb Code    98  d2f.o(x$fpl$d2f)
    __aeabi_dadd                             0x08008ead   Thumb Code     0  daddsub_clz.o(x$fpl$dadd)
    _dadd                                    0x08008ead   Thumb Code   332  daddsub_clz.o(x$fpl$dadd)
    __fpl_dcheck_NaN1                        0x08008ffd   Thumb Code    10  dcheck1.o(x$fpl$dcheck1)
    __fpl_dcmp_Inf                           0x0800900d   Thumb Code    24  dcmpi.o(x$fpl$dcmpinf)
    __aeabi_ddiv                             0x08009025   Thumb Code     0  ddiv.o(x$fpl$ddiv)
    _ddiv                                    0x08009025   Thumb Code   556  ddiv.o(x$fpl$ddiv)
    __aeabi_i2d                              0x080092d9   Thumb Code     0  dflt_clz.o(x$fpl$dflt)
    _dflt                                    0x080092d9   Thumb Code    46  dflt_clz.o(x$fpl$dflt)
    __aeabi_cdcmple                          0x08009309   Thumb Code     0  dleqf.o(x$fpl$dleqf)
    _dcmple                                  0x08009309   Thumb Code   120  dleqf.o(x$fpl$dleqf)
    __fpl_dcmple_InfNaN                      0x0800936b   Thumb Code     0  dleqf.o(x$fpl$dleqf)
    __aeabi_dmul                             0x08009381   Thumb Code     0  dmul.o(x$fpl$dmul)
    _dmul                                    0x08009381   Thumb Code   332  dmul.o(x$fpl$dmul)
    __fpl_dnaninf                            0x080094d5   Thumb Code   156  dnaninf.o(x$fpl$dnaninf)
    __fpl_dretinf                            0x08009571   Thumb Code    12  dretinf.o(x$fpl$dretinf)
    __aeabi_cdrcmple                         0x0800957d   Thumb Code     0  drleqf.o(x$fpl$drleqf)
    _drcmple                                 0x0800957d   Thumb Code   108  drleqf.o(x$fpl$drleqf)
    __aeabi_drsub                            0x080095e9   Thumb Code     0  daddsub_clz.o(x$fpl$drsb)
    _drsb                                    0x080095e9   Thumb Code    22  daddsub_clz.o(x$fpl$drsb)
    _dsqrt                                   0x08009601   Thumb Code   404  dsqrt_umaal.o(x$fpl$dsqrt)
    __aeabi_dsub                             0x08009799   Thumb Code     0  daddsub_clz.o(x$fpl$dsub)
    _dsub                                    0x08009799   Thumb Code   472  daddsub_clz.o(x$fpl$dsub)
    __aeabi_f2d                              0x08009975   Thumb Code     0  f2d.o(x$fpl$f2d)
    _f2d                                     0x08009975   Thumb Code    86  f2d.o(x$fpl$f2d)
    __fpl_fnaninf                            0x080099cb   Thumb Code   140  fnaninf.o(x$fpl$fnaninf)
    _fp_init                                 0x08009a57   Thumb Code    26  fpinit.o(x$fpl$fpinit)
    __fplib_config_fpu_vfp                   0x08009a6f   Thumb Code     0  fpinit.o(x$fpl$fpinit)
    __fplib_config_pureend_doubles           0x08009a6f   Thumb Code     0  fpinit.o(x$fpl$fpinit)
    __fpl_fretinf                            0x08009a71   Thumb Code    10  fretinf.o(x$fpl$fretinf)
    __fpl_return_NaN                         0x08009a7b   Thumb Code   100  retnan.o(x$fpl$retnan)
    __ARM_scalbn                             0x08009adf   Thumb Code    92  scalbn.o(x$fpl$scalbn)
    __fpl_cmpreturn                          0x08009b3b   Thumb Code    48  trapv.o(x$fpl$trapveneer)
    __I$use$fp                               0x08009b6a   Number         0  usenofp.o(x$fpl$usenofp)
    __mathlib_zero                           0x08009bf8   Data           8  qnan.o(.constdata)
    AHBPrescTable                            0x08009c00   Data          16  system_stm32f4xx.o(.rodata.AHBPrescTable)
    APBPrescTable                            0x08009c10   Data           8  system_stm32f4xx.o(.rodata.APBPrescTable)
    Region$$Table$$Base                      0x08009c20   Number         0  anon$$obj.o(Region$$Table)
    Region$$Table$$Limit                     0x08009c40   Number         0  anon$$obj.o(Region$$Table)
    SHT$$INIT_ARRAY$$Base                    0x08009c40   Number         0  task.o(.init_array)
    SHT$$INIT_ARRAY$$Limit                   0x08009c44   Number         0  init_aeabi.o(.init_array)
    SystemCoreClock                          0x20000000   Data           4  system_stm32f4xx.o(.data.SystemCoreClock)
    uwTickFreq                               0x20000004   Data           1  stm32f4xx_hal.o(.data.uwTickFreq)
    uwTickPrio                               0x20000008   Data           4  stm32f4xx_hal.o(.data.uwTickPrio)
    __libspace_start                         0x20000010   Data          96  libspace.o(.bss)
    CAN1_0x141_Tx_Data                       0x20000070   Data           8  drv_can.o(.bss.CAN1_0x141_Tx_Data)
    __temporary_stack_top$libspace           0x20000070   Data           0  libspace.o(.bss)
    CAN1_0x142_Tx_Data                       0x20000078   Data           8  drv_can.o(.bss.CAN1_0x142_Tx_Data)
    CAN1_0x143_Tx_Data                       0x20000080   Data           8  drv_can.o(.bss.CAN1_0x143_Tx_Data)
    CAN1_0x144_Tx_Data                       0x20000088   Data           8  drv_can.o(.bss.CAN1_0x144_Tx_Data)
    CAN1_0x145_Tx_Data                       0x20000090   Data           8  drv_can.o(.bss.CAN1_0x145_Tx_Data)
    CAN1_0x146_Tx_Data                       0x20000098   Data           8  drv_can.o(.bss.CAN1_0x146_Tx_Data)
    CAN1_0x147_Tx_Data                       0x200000a0   Data           8  drv_can.o(.bss.CAN1_0x147_Tx_Data)
    CAN1_0x148_Tx_Data                       0x200000a8   Data           8  drv_can.o(.bss.CAN1_0x148_Tx_Data)
    CAN1_Manage_Object                       0x200000b0   Data          44  drv_can.o(.bss.CAN1_Manage_Object)
    CAN2_Manage_Object                       0x200000dc   Data          44  drv_can.o(.bss.CAN2_Manage_Object)
    CanRxFifo                                0x20000108   Data          56  dvc_n100.o(.bss.CanRxFifo)
    EoCar                                    0x20000140   Data        1164  task.o(.bss.EoCar)
    TIM10_Manage_Object                      0x200005cc   Data           8  drv_tim.o(.bss.TIM10_Manage_Object)
    TIM11_Manage_Object                      0x200005d4   Data           8  drv_tim.o(.bss.TIM11_Manage_Object)
    TIM12_Manage_Object                      0x200005dc   Data           8  drv_tim.o(.bss.TIM12_Manage_Object)
    TIM13_Manage_Object                      0x200005e4   Data           8  drv_tim.o(.bss.TIM13_Manage_Object)
    TIM14_Manage_Object                      0x200005ec   Data           8  drv_tim.o(.bss.TIM14_Manage_Object)
    TIM1_Manage_Object                       0x200005f4   Data           8  drv_tim.o(.bss.TIM1_Manage_Object)
    TIM2_Manage_Object                       0x200005fc   Data           8  drv_tim.o(.bss.TIM2_Manage_Object)
    TIM3_Manage_Object                       0x20000604   Data           8  drv_tim.o(.bss.TIM3_Manage_Object)
    TIM4_Manage_Object                       0x2000060c   Data           8  drv_tim.o(.bss.TIM4_Manage_Object)
    TIM5_Manage_Object                       0x20000614   Data           8  drv_tim.o(.bss.TIM5_Manage_Object)
    TIM6_Manage_Object                       0x2000061c   Data           8  drv_tim.o(.bss.TIM6_Manage_Object)
    TIM7_Manage_Object                       0x20000624   Data           8  drv_tim.o(.bss.TIM7_Manage_Object)
    TIM8_Manage_Object                       0x2000062c   Data           8  drv_tim.o(.bss.TIM8_Manage_Object)
    TIM9_Manage_Object                       0x20000634   Data           8  drv_tim.o(.bss.TIM9_Manage_Object)
    UART1_Manage_Object                      0x2000063c   Data        1040  drv_uart.o(.bss.UART1_Manage_Object)
    UART6_Manage_Object                      0x20000a4c   Data        1040  drv_uart.o(.bss.UART6_Manage_Object)
    acc_flag                                 0x20000e64   Data           1  dvc_n100.o(.bss.acc_flag)
    data_num                                 0x20000e65   Data           1  dvc_n100.o(.bss.data_num)
    hcan1                                    0x20000e68   Data          40  can.o(.bss.hcan1)
    hdma_usart1_rx                           0x20000e90   Data          96  usart.o(.bss.hdma_usart1_rx)
    hdma_usart2_rx                           0x20000ef0   Data          96  usart.o(.bss.hdma_usart2_rx)
    hdma_usart3_rx                           0x20000f50   Data          96  usart.o(.bss.hdma_usart3_rx)
    htim1                                    0x20000fb0   Data          72  tim.o(.bss.htim1)
    htim10                                   0x20000ff8   Data          72  tim.o(.bss.htim10)
    htim11                                   0x20001040   Data          72  tim.o(.bss.htim11)
    htim2                                    0x20001088   Data          72  tim.o(.bss.htim2)
    htim3                                    0x200010d0   Data          72  tim.o(.bss.htim3)
    htim4                                    0x20001118   Data          72  tim.o(.bss.htim4)
    htim5                                    0x20001160   Data          72  tim.o(.bss.htim5)
    htim8                                    0x200011a8   Data          72  tim.o(.bss.htim8)
    htim9                                    0x200011f0   Data          72  tim.o(.bss.htim9)
    huart1                                   0x20001238   Data          72  usart.o(.bss.huart1)
    huart2                                   0x20001280   Data          72  usart.o(.bss.huart2)
    huart3                                   0x200012c8   Data          72  usart.o(.bss.huart3)
    last_count                               0x20001310   Data           1  dvc_n100.o(.bss.last_count)
    uwTick                                   0x20001314   Data           4  stm32f4xx_hal.o(.bss.uwTick)



==============================================================================

Memory Map of the image

  Image Entry point : 0x08000189

  Load Region LR_IROM1 (Base: 0x08000000, Size: 0x00009c58, Max: 0x00080000, ABSOLUTE)

    Execution Region ER_IROM1 (Exec base: 0x08000000, Load base: 0x08000000, Size: 0x00009c44, Max: 0x00080000, ABSOLUTE)

    Exec Addr    Load Addr    Size         Type   Attr      Idx    E Section Name        Object

    0x08000000   0x08000000   0x00000188   Data   RO            3    RESET               startup_stm32f407xx.o
    0x08000188   0x08000188   0x00000008   Code   RO         1651  * !!!main             c_w.l(__main.o)
    0x08000190   0x08000190   0x0000005c   Code   RO         1948    !!!scatter          c_w.l(__scatter.o)
    0x080001ec   0x080001ec   0x0000001a   Code   RO         1952    !!handler_copy      c_w.l(__scatter_copy.o)
    0x08000206   0x08000206   0x00000002   PAD
    0x08000208   0x08000208   0x00000002   Code   RO         1949    !!handler_null      c_w.l(__scatter.o)
    0x0800020a   0x0800020a   0x00000002   PAD
    0x0800020c   0x0800020c   0x0000001c   Code   RO         1954    !!handler_zi        c_w.l(__scatter_zi.o)
    0x08000228   0x08000228   0x00000002   Code   RO         1865    .ARM.Collect$$libinit$$00000000  c_w.l(libinit.o)
    0x0800022a   0x0800022a   0x00000004   Code   RO         1693    .ARM.Collect$$libinit$$00000001  c_w.l(libinit2.o)
    0x0800022e   0x0800022e   0x00000000   Code   RO         1696    .ARM.Collect$$libinit$$00000004  c_w.l(libinit2.o)
    0x0800022e   0x0800022e   0x00000000   Code   RO         1698    .ARM.Collect$$libinit$$00000006  c_w.l(libinit2.o)
    0x0800022e   0x0800022e   0x00000000   Code   RO         1701    .ARM.Collect$$libinit$$0000000C  c_w.l(libinit2.o)
    0x0800022e   0x0800022e   0x00000000   Code   RO         1703    .ARM.Collect$$libinit$$0000000E  c_w.l(libinit2.o)
    0x0800022e   0x0800022e   0x00000000   Code   RO         1705    .ARM.Collect$$libinit$$00000010  c_w.l(libinit2.o)
    0x0800022e   0x0800022e   0x00000000   Code   RO         1708    .ARM.Collect$$libinit$$00000013  c_w.l(libinit2.o)
    0x0800022e   0x0800022e   0x00000000   Code   RO         1710    .ARM.Collect$$libinit$$00000015  c_w.l(libinit2.o)
    0x0800022e   0x0800022e   0x00000000   Code   RO         1712    .ARM.Collect$$libinit$$00000017  c_w.l(libinit2.o)
    0x0800022e   0x0800022e   0x00000000   Code   RO         1714    .ARM.Collect$$libinit$$00000019  c_w.l(libinit2.o)
    0x0800022e   0x0800022e   0x00000000   Code   RO         1716    .ARM.Collect$$libinit$$0000001B  c_w.l(libinit2.o)
    0x0800022e   0x0800022e   0x00000000   Code   RO         1718    .ARM.Collect$$libinit$$0000001D  c_w.l(libinit2.o)
    0x0800022e   0x0800022e   0x00000000   Code   RO         1720    .ARM.Collect$$libinit$$0000001F  c_w.l(libinit2.o)
    0x0800022e   0x0800022e   0x00000000   Code   RO         1722    .ARM.Collect$$libinit$$00000021  c_w.l(libinit2.o)
    0x0800022e   0x0800022e   0x00000000   Code   RO         1724    .ARM.Collect$$libinit$$00000023  c_w.l(libinit2.o)
    0x0800022e   0x0800022e   0x00000000   Code   RO         1726    .ARM.Collect$$libinit$$00000025  c_w.l(libinit2.o)
    0x0800022e   0x0800022e   0x00000000   Code   RO         1728    .ARM.Collect$$libinit$$00000027  c_w.l(libinit2.o)
    0x0800022e   0x0800022e   0x00000000   Code   RO         1732    .ARM.Collect$$libinit$$0000002E  c_w.l(libinit2.o)
    0x0800022e   0x0800022e   0x00000000   Code   RO         1734    .ARM.Collect$$libinit$$00000030  c_w.l(libinit2.o)
    0x0800022e   0x0800022e   0x00000000   Code   RO         1736    .ARM.Collect$$libinit$$00000032  c_w.l(libinit2.o)
    0x0800022e   0x0800022e   0x00000004   Code   RO         1737    .ARM.Collect$$libinit$$00000033  c_w.l(libinit2.o)
    0x08000232   0x08000232   0x00000000   Code   RO         1738    .ARM.Collect$$libinit$$00000034  c_w.l(libinit2.o)
    0x08000232   0x08000232   0x00000002   Code   RO         1739    .ARM.Collect$$libinit$$00000035  c_w.l(libinit2.o)
    0x08000234   0x08000234   0x00000002   Code   RO         1916    .ARM.Collect$$libshutdown$$00000000  c_w.l(libshutdown.o)
    0x08000236   0x08000236   0x00000000   Code   RO         1932    .ARM.Collect$$libshutdown$$00000002  c_w.l(libshutdown2.o)
    0x08000236   0x08000236   0x00000000   Code   RO         1934    .ARM.Collect$$libshutdown$$00000004  c_w.l(libshutdown2.o)
    0x08000236   0x08000236   0x00000000   Code   RO         1937    .ARM.Collect$$libshutdown$$00000007  c_w.l(libshutdown2.o)
    0x08000236   0x08000236   0x00000000   Code   RO         1940    .ARM.Collect$$libshutdown$$0000000A  c_w.l(libshutdown2.o)
    0x08000236   0x08000236   0x00000000   Code   RO         1942    .ARM.Collect$$libshutdown$$0000000C  c_w.l(libshutdown2.o)
    0x08000236   0x08000236   0x00000000   Code   RO         1945    .ARM.Collect$$libshutdown$$0000000F  c_w.l(libshutdown2.o)
    0x08000236   0x08000236   0x00000002   Code   RO         1946    .ARM.Collect$$libshutdown$$00000010  c_w.l(libshutdown2.o)
    0x08000238   0x08000238   0x00000000   Code   RO         1686    .ARM.Collect$$rtentry$$00000000  c_w.l(__rtentry.o)
    0x08000238   0x08000238   0x00000000   Code   RO         1814    .ARM.Collect$$rtentry$$00000002  c_w.l(__rtentry2.o)
    0x08000238   0x08000238   0x00000006   Code   RO         1826    .ARM.Collect$$rtentry$$00000004  c_w.l(__rtentry4.o)
    0x0800023e   0x0800023e   0x00000000   Code   RO         1816    .ARM.Collect$$rtentry$$00000009  c_w.l(__rtentry2.o)
    0x0800023e   0x0800023e   0x00000004   Code   RO         1817    .ARM.Collect$$rtentry$$0000000A  c_w.l(__rtentry2.o)
    0x08000242   0x08000242   0x00000000   Code   RO         1819    .ARM.Collect$$rtentry$$0000000C  c_w.l(__rtentry2.o)
    0x08000242   0x08000242   0x00000008   Code   RO         1820    .ARM.Collect$$rtentry$$0000000D  c_w.l(__rtentry2.o)
    0x0800024a   0x0800024a   0x00000002   Code   RO         1872    .ARM.Collect$$rtexit$$00000000  c_w.l(rtexit.o)
    0x0800024c   0x0800024c   0x00000000   Code   RO         1896    .ARM.Collect$$rtexit$$00000002  c_w.l(rtexit2.o)
    0x0800024c   0x0800024c   0x00000004   Code   RO         1897    .ARM.Collect$$rtexit$$00000003  c_w.l(rtexit2.o)
    0x08000250   0x08000250   0x00000006   Code   RO         1898    .ARM.Collect$$rtexit$$00000004  c_w.l(rtexit2.o)
    0x08000256   0x08000256   0x00000002   PAD
    0x08000258   0x08000258   0x00000040   Code   RO            4    .text               startup_stm32f407xx.o
    0x08000298   0x08000298   0x000000f0   Code   RO         1645    .text               c_w.l(lludivv7m.o)
    0x08000388   0x08000388   0x0000004e   Code   RO         1647    .text               c_w.l(rt_memclr_w.o)
    0x080003d6   0x080003d6   0x00000006   Code   RO         1649    .text               c_w.l(heapauxi.o)
    0x080003dc   0x080003dc   0x0000002c   Code   RO         1656    .text               c_w.l(init_aeabi.o)
    0x08000408   0x08000408   0x00000016   Code   RO         1691    .text               c_w.l(_rserrno.o)
    0x0800041e   0x0800041e   0x00000002   PAD
    0x08000420   0x08000420   0x00000008   Code   RO         1833    .text               c_w.l(rt_errno_addr_intlibspace.o)
    0x08000428   0x08000428   0x00000008   Code   RO         1845    .text               c_w.l(libspace.o)
    0x08000430   0x08000430   0x0000004a   Code   RO         1848    .text               c_w.l(sys_stackheap_outer.o)
    0x0800047a   0x0800047a   0x00000012   Code   RO         1850    .text               c_w.l(exit.o)
    0x0800048c   0x0800048c   0x0000000c   Code   RO         1888    .text               c_w.l(sys_exit.o)
    0x08000498   0x08000498   0x00000002   Code   RO         1892    .text               c_w.l(use_no_semi.o)
    0x0800049a   0x0800049a   0x00000000   Code   RO         1894    .text               c_w.l(indicate_semi.o)
    0x0800049a   0x0800049a   0x00000002   PAD
    0x0800049c   0x0800049c   0x00000004   Code   RO          128    .text.BusFault_Handler  stm32f4xx_it.o
    0x080004a0   0x080004a0   0x00000010   Code   RO          144    .text.CAN1_RX0_IRQHandler  stm32f4xx_it.o
    0x080004b0   0x080004b0   0x00000010   Code   RO          146    .text.CAN1_RX1_IRQHandler  stm32f4xx_it.o
    0x080004c0   0x080004c0   0x00000010   Code   RO          140    .text.DMA1_Stream1_IRQHandler  stm32f4xx_it.o
    0x080004d0   0x080004d0   0x00000010   Code   RO          142    .text.DMA1_Stream5_IRQHandler  stm32f4xx_it.o
    0x080004e0   0x080004e0   0x00000010   Code   RO          162    .text.DMA2_Stream2_IRQHandler  stm32f4xx_it.o
    0x080004f0   0x080004f0   0x00000056   Code   RO          436    .text.DMA_CalcBaseAndBitshift  stm32f4xx_hal_dma.o
    0x08000546   0x08000546   0x00000002   PAD
    0x08000548   0x08000548   0x000000f0   Code   RO          434    .text.DMA_CheckFifoParam  stm32f4xx_hal_dma.o
    0x08000638   0x08000638   0x00000050   Code   RO          442    .text.DMA_SetConfig  stm32f4xx_hal_dma.o
    0x08000688   0x08000688   0x00000002   Code   RO          134    .text.DebugMon_Handler  stm32f4xx_it.o
    0x0800068a   0x0800068a   0x00000002   PAD
    0x0800068c   0x0800068c   0x00000006   Code   RO           15    .text.Error_Handler  main.o
    0x08000692   0x08000692   0x00000002   PAD
    0x08000694   0x08000694   0x00000052   Code   RO          213    .text.HAL_CAN_ActivateNotification  stm32f4xx_hal_can.o
    0x080006e6   0x080006e6   0x00000002   PAD
    0x080006e8   0x080006e8   0x00000156   Code   RO          199    .text.HAL_CAN_AddTxMessage  stm32f4xx_hal_can.o
    0x0800083e   0x0800083e   0x00000002   PAD
    0x08000840   0x08000840   0x0000019e   Code   RO          189    .text.HAL_CAN_ConfigFilter  stm32f4xx_hal_can.o
    0x080009de   0x080009de   0x00000002   PAD
    0x080009e0   0x080009e0   0x00000008   Code   RO          243    .text.HAL_CAN_ErrorCallback  stm32f4xx_hal_can.o
    0x080009e8   0x080009e8   0x00000212   Code   RO          209    .text.HAL_CAN_GetRxMessage  stm32f4xx_hal_can.o
    0x08000bfa   0x08000bfa   0x00000002   PAD
    0x08000bfc   0x08000bfc   0x000003f2   Code   RO          217    .text.HAL_CAN_IRQHandler  stm32f4xx_hal_can.o
    0x08000fee   0x08000fee   0x00000002   PAD
    0x08000ff0   0x08000ff0   0x000001de   Code   RO          179    .text.HAL_CAN_Init  stm32f4xx_hal_can.o
    0x080011ce   0x080011ce   0x00000002   PAD
    0x080011d0   0x080011d0   0x000000b4   Code   RO           35    .text.HAL_CAN_MspInit  can.o
    0x08001284   0x08001284   0x00000008   Code   RO          231    .text.HAL_CAN_RxFifo0FullCallback  stm32f4xx_hal_can.o
    0x0800128c   0x0800128c   0x00000078   Code   RO         1337    .text.HAL_CAN_RxFifo0MsgPendingCallback  drv_can.o
    0x08001304   0x08001304   0x00000008   Code   RO          235    .text.HAL_CAN_RxFifo1FullCallback  stm32f4xx_hal_can.o
    0x0800130c   0x0800130c   0x00000078   Code   RO         1339    .text.HAL_CAN_RxFifo1MsgPendingCallback  drv_can.o
    0x08001384   0x08001384   0x00000008   Code   RO          239    .text.HAL_CAN_SleepCallback  stm32f4xx_hal_can.o
    0x0800138c   0x0800138c   0x0000008a   Code   RO          191    .text.HAL_CAN_Start  stm32f4xx_hal_can.o
    0x08001416   0x08001416   0x00000002   PAD
    0x08001418   0x08001418   0x00000008   Code   RO          221    .text.HAL_CAN_TxMailbox0AbortCallback  stm32f4xx_hal_can.o
    0x08001420   0x08001420   0x00000008   Code   RO          219    .text.HAL_CAN_TxMailbox0CompleteCallback  stm32f4xx_hal_can.o
    0x08001428   0x08001428   0x00000008   Code   RO          225    .text.HAL_CAN_TxMailbox1AbortCallback  stm32f4xx_hal_can.o
    0x08001430   0x08001430   0x00000008   Code   RO          223    .text.HAL_CAN_TxMailbox1CompleteCallback  stm32f4xx_hal_can.o
    0x08001438   0x08001438   0x00000008   Code   RO          229    .text.HAL_CAN_TxMailbox2AbortCallback  stm32f4xx_hal_can.o
    0x08001440   0x08001440   0x00000008   Code   RO          227    .text.HAL_CAN_TxMailbox2CompleteCallback  stm32f4xx_hal_can.o
    0x08001448   0x08001448   0x00000008   Code   RO          241    .text.HAL_CAN_WakeUpFromRxMsgCallback  stm32f4xx_hal_can.o
    0x08001450   0x08001450   0x000000ec   Code   RO          446    .text.HAL_DMA_Abort  stm32f4xx_hal_dma.o
    0x0800153c   0x0800153c   0x00000044   Code   RO          448    .text.HAL_DMA_Abort_IT  stm32f4xx_hal_dma.o
    0x08001580   0x08001580   0x0000031e   Code   RO          452    .text.HAL_DMA_IRQHandler  stm32f4xx_hal_dma.o
    0x0800189e   0x0800189e   0x00000002   PAD
    0x080018a0   0x080018a0   0x0000016e   Code   RO          432    .text.HAL_DMA_Init  stm32f4xx_hal_dma.o
    0x08001a0e   0x08001a0e   0x00000002   PAD
    0x08001a10   0x08001a10   0x000000c2   Code   RO          444    .text.HAL_DMA_Start_IT  stm32f4xx_hal_dma.o
    0x08001ad2   0x08001ad2   0x00000002   PAD
    0x08001ad4   0x08001ad4   0x000003b6   Code   RO          394    .text.HAL_GPIO_Init  stm32f4xx_hal_gpio.o
    0x08001e8a   0x08001e8a   0x00000002   PAD
    0x08001e8c   0x08001e8c   0x0000002e   Code   RO          398    .text.HAL_GPIO_ReadPin  stm32f4xx_hal_gpio.o
    0x08001eba   0x08001eba   0x00000002   PAD
    0x08001ebc   0x08001ebc   0x0000000c   Code   RO          619    .text.HAL_GetTick   stm32f4xx_hal.o
    0x08001ec8   0x08001ec8   0x0000001a   Code   RO          617    .text.HAL_IncTick   stm32f4xx_hal.o
    0x08001ee2   0x08001ee2   0x00000002   PAD
    0x08001ee4   0x08001ee4   0x00000036   Code   RO          607    .text.HAL_Init      stm32f4xx_hal.o
    0x08001f1a   0x08001f1a   0x00000002   PAD
    0x08001f1c   0x08001f1c   0x00000070   Code   RO          609    .text.HAL_InitTick  stm32f4xx_hal.o
    0x08001f8c   0x08001f8c   0x0000004a   Code   RO          171    .text.HAL_MspInit   stm32f4xx_hal_msp.o
    0x08001fd6   0x08001fd6   0x00000002   PAD
    0x08001fd8   0x08001fd8   0x00000014   Code   RO          542    .text.HAL_NVIC_EnableIRQ  stm32f4xx_hal_cortex.o
    0x08001fec   0x08001fec   0x00000032   Code   RO          534    .text.HAL_NVIC_SetPriority  stm32f4xx_hal_cortex.o
    0x0800201e   0x0800201e   0x00000002   PAD
    0x08002020   0x08002020   0x00000010   Code   RO          530    .text.HAL_NVIC_SetPriorityGrouping  stm32f4xx_hal_cortex.o
    0x08002030   0x08002030   0x00000262   Code   RO          262    .text.HAL_RCC_ClockConfig  stm32f4xx_hal_rcc.o
    0x08002292   0x08002292   0x00000002   PAD
    0x08002294   0x08002294   0x0000000c   Code   RO          272    .text.HAL_RCC_GetHCLKFreq  stm32f4xx_hal_rcc.o
    0x080022a0   0x080022a0   0x00000022   Code   RO          274    .text.HAL_RCC_GetPCLK1Freq  stm32f4xx_hal_rcc.o
    0x080022c2   0x080022c2   0x00000002   PAD
    0x080022c4   0x080022c4   0x00000022   Code   RO          276    .text.HAL_RCC_GetPCLK2Freq  stm32f4xx_hal_rcc.o
    0x080022e6   0x080022e6   0x00000002   PAD
    0x080022e8   0x080022e8   0x000000e6   Code   RO          264    .text.HAL_RCC_GetSysClockFreq  stm32f4xx_hal_rcc.o
    0x080023ce   0x080023ce   0x00000002   PAD
    0x080023d0   0x080023d0   0x000006be   Code   RO          260    .text.HAL_RCC_OscConfig  stm32f4xx_hal_rcc.o
    0x08002a8e   0x08002a8e   0x00000002   PAD
    0x08002a90   0x08002a90   0x00000010   Code   RO          554    .text.HAL_SYSTICK_Config  stm32f4xx_hal_cortex.o
    0x08002aa0   0x08002aa0   0x00000008   Code   RO         1019    .text.HAL_TIMEx_BreakCallback  stm32f4xx_hal_tim_ex.o
    0x08002aa8   0x08002aa8   0x00000008   Code   RO         1015    .text.HAL_TIMEx_CommutCallback  stm32f4xx_hal_tim_ex.o
    0x08002ab0   0x08002ab0   0x000000b2   Code   RO         1011    .text.HAL_TIMEx_ConfigBreakDeadTime  stm32f4xx_hal_tim_ex.o
    0x08002b62   0x08002b62   0x00000002   PAD
    0x08002b64   0x08002b64   0x00000122   Code   RO         1009    .text.HAL_TIMEx_MasterConfigSynchronization  stm32f4xx_hal_tim_ex.o
    0x08002c86   0x08002c86   0x00000002   PAD
    0x08002c88   0x08002c88   0x0000009c   Code   RO          696    .text.HAL_TIM_Base_Init  stm32f4xx_hal_tim.o
    0x08002d24   0x08002d24   0x00000168   Code   RO           75    .text.HAL_TIM_Base_MspInit  tim.o
    0x08002e8c   0x08002e8c   0x000000f6   Code   RO          710    .text.HAL_TIM_Base_Start_IT  stm32f4xx_hal_tim.o
    0x08002f82   0x08002f82   0x00000002   PAD
    0x08002f84   0x08002f84   0x00000184   Code   RO          888    .text.HAL_TIM_ConfigClockSource  stm32f4xx_hal_tim.o
    0x08003108   0x08003108   0x00000130   Code   RO          810    .text.HAL_TIM_Encoder_Init  stm32f4xx_hal_tim.o
    0x08003238   0x08003238   0x0000023c   Code   RO           77    .text.HAL_TIM_Encoder_MspInit  tim.o
    0x08003474   0x08003474   0x0000014e   Code   RO          818    .text.HAL_TIM_Encoder_Start  stm32f4xx_hal_tim.o
    0x080035c2   0x080035c2   0x00000002   PAD
    0x080035c4   0x080035c4   0x00000008   Code   RO          832    .text.HAL_TIM_IC_CaptureCallback  stm32f4xx_hal_tim.o
    0x080035cc   0x080035cc   0x0000021a   Code   RO          830    .text.HAL_TIM_IRQHandler  stm32f4xx_hal_tim.o
    0x080037e6   0x080037e6   0x00000002   PAD
    0x080037e8   0x080037e8   0x00000176   Code   RO           57    .text.HAL_TIM_MspPostInit  tim.o
    0x0800395e   0x0800395e   0x00000002   PAD
    0x08003960   0x08003960   0x00000008   Code   RO          834    .text.HAL_TIM_OC_DelayElapsedCallback  stm32f4xx_hal_tim.o
    0x08003968   0x08003968   0x00000142   Code   RO          862    .text.HAL_TIM_PWM_ConfigChannel  stm32f4xx_hal_tim.o
    0x08003aaa   0x08003aaa   0x00000002   PAD
    0x08003aac   0x08003aac   0x0000009c   Code   RO          750    .text.HAL_TIM_PWM_Init  stm32f4xx_hal_tim.o
    0x08003b48   0x08003b48   0x00000008   Code   RO          752    .text.HAL_TIM_PWM_MspInit  stm32f4xx_hal_tim.o
    0x08003b50   0x08003b50   0x00000008   Code   RO          836    .text.HAL_TIM_PWM_PulseFinishedCallback  stm32f4xx_hal_tim.o
    0x08003b58   0x08003b58   0x000001ca   Code   RO          758    .text.HAL_TIM_PWM_Start  stm32f4xx_hal_tim.o
    0x08003d22   0x08003d22   0x00000002   PAD
    0x08003d24   0x08003d24   0x000001dc   Code   RO         1269    .text.HAL_TIM_PeriodElapsedCallback  drv_tim.o
    0x08003f00   0x08003f00   0x00000008   Code   RO          840    .text.HAL_TIM_TriggerCallback  stm32f4xx_hal_tim.o
    0x08003f08   0x08003f08   0x000000b8   Code   RO         1086    .text.HAL_UARTEx_ReceiveToIdle_DMA  stm32f4xx_hal_uart.o
    0x08003fc0   0x08003fc0   0x00000098   Code   RO         1407    .text.HAL_UARTEx_RxEventCallback  drv_uart.o
    0x08004058   0x08004058   0x00000008   Code   RO         1122    .text.HAL_UART_ErrorCallback  stm32f4xx_hal_uart.o
    0x08004060   0x08004060   0x0000045c   Code   RO         1116    .text.HAL_UART_IRQHandler  stm32f4xx_hal_uart.o
    0x080044bc   0x080044bc   0x0000009e   Code   RO         1032    .text.HAL_UART_Init  stm32f4xx_hal_uart.o
    0x0800455a   0x0800455a   0x00000002   PAD
    0x0800455c   0x0800455c   0x000002c0   Code   RO          105    .text.HAL_UART_MspInit  usart.o
    0x0800481c   0x0800481c   0x00000008   Code   RO         1134    .text.HAL_UART_RxCpltCallback  stm32f4xx_hal_uart.o
    0x08004824   0x08004824   0x00000008   Code   RO         1136    .text.HAL_UART_RxHalfCpltCallback  stm32f4xx_hal_uart.o
    0x0800482c   0x0800482c   0x00000008   Code   RO         1130    .text.HAL_UART_TxCpltCallback  stm32f4xx_hal_uart.o
    0x08004834   0x08004834   0x00000004   Code   RO          124    .text.HardFault_Handler  stm32f4xx_it.o
    0x08004838   0x08004838   0x0000004e   Code   RO           33    .text.MX_CAN1_Init  can.o
    0x08004886   0x08004886   0x00000002   PAD
    0x08004888   0x08004888   0x00000084   Code   RO           47    .text.MX_DMA_Init   dma.o
    0x0800490c   0x0800490c   0x000000d8   Code   RO           25    .text.MX_GPIO_Init  gpio.o
    0x080049e4   0x080049e4   0x00000090   Code   RO           71    .text.MX_TIM10_Init  tim.o
    0x08004a74   0x08004a74   0x00000090   Code   RO           73    .text.MX_TIM11_Init  tim.o
    0x08004b04   0x08004b04   0x0000016a   Code   RO           55    .text.MX_TIM1_Init  tim.o
    0x08004c6e   0x08004c6e   0x00000002   PAD
    0x08004c70   0x08004c70   0x0000007a   Code   RO           59    .text.MX_TIM2_Init  tim.o
    0x08004cea   0x08004cea   0x00000002   PAD
    0x08004cec   0x08004cec   0x0000007e   Code   RO           61    .text.MX_TIM3_Init  tim.o
    0x08004d6a   0x08004d6a   0x00000002   PAD
    0x08004d6c   0x08004d6c   0x0000007e   Code   RO           63    .text.MX_TIM4_Init  tim.o
    0x08004dea   0x08004dea   0x00000002   PAD
    0x08004dec   0x08004dec   0x0000007e   Code   RO           65    .text.MX_TIM5_Init  tim.o
    0x08004e6a   0x08004e6a   0x00000002   PAD
    0x08004e6c   0x08004e6c   0x0000008a   Code   RO           67    .text.MX_TIM8_Init  tim.o
    0x08004ef6   0x08004ef6   0x00000002   PAD
    0x08004ef8   0x08004ef8   0x000000d0   Code   RO           69    .text.MX_TIM9_Init  tim.o
    0x08004fc8   0x08004fc8   0x00000040   Code   RO           99    .text.MX_USART1_UART_Init  usart.o
    0x08005008   0x08005008   0x00000040   Code   RO          101    .text.MX_USART2_UART_Init  usart.o
    0x08005048   0x08005048   0x00000040   Code   RO          103    .text.MX_USART3_UART_Init  usart.o
    0x08005088   0x08005088   0x00000004   Code   RO          126    .text.MemManage_Handler  stm32f4xx_it.o
    0x0800508c   0x0800508c   0x00000004   Code   RO          122    .text.NMI_Handler   stm32f4xx_it.o
    0x08005090   0x08005090   0x0000006c   Code   RO          540    .text.NVIC_EncodePriority  stm32f4xx_hal_cortex.o
    0x080050fc   0x080050fc   0x00000002   Code   RO          136    .text.PendSV_Handler  stm32f4xx_it.o
    0x080050fe   0x080050fe   0x00000002   PAD
    0x08005100   0x08005100   0x00000002   Code   RO          132    .text.SVC_Handler   stm32f4xx_it.o
    0x08005102   0x08005102   0x00000002   PAD
    0x08005104   0x08005104   0x00000052   Code   RO          556    .text.SysTick_Config  stm32f4xx_hal_cortex.o
    0x08005156   0x08005156   0x00000002   PAD
    0x08005158   0x08005158   0x00000008   Code   RO          138    .text.SysTick_Handler  stm32f4xx_it.o
    0x08005160   0x08005160   0x000000ba   Code   RO           13    .text.SystemClock_Config  main.o
    0x0800521a   0x0800521a   0x00000002   PAD
    0x0800521c   0x0800521c   0x00000012   Code   RO         1163    .text.SystemInit    system_stm32f4xx.o
    0x0800522e   0x0800522e   0x00000002   PAD
    0x08005230   0x08005230   0x00000010   Code   RO          154    .text.TIM8_BRK_TIM12_IRQHandler  stm32f4xx_it.o
    0x08005240   0x08005240   0x00000010   Code   RO          160    .text.TIM8_CC_IRQHandler  stm32f4xx_it.o
    0x08005250   0x08005250   0x00000010   Code   RO          158    .text.TIM8_TRG_COM_TIM14_IRQHandler  stm32f4xx_it.o
    0x08005260   0x08005260   0x00000010   Code   RO          156    .text.TIM8_UP_TIM13_IRQHandler  stm32f4xx_it.o
    0x08005270   0x08005270   0x000001a4   Code   RO          700    .text.TIM_Base_SetConfig  stm32f4xx_hal_tim.o
    0x08005414   0x08005414   0x00000036   Code   RO          734    .text.TIM_CCxChannelCmd  stm32f4xx_hal_tim.o
    0x0800544a   0x0800544a   0x00000002   PAD
    0x0800544c   0x0800544c   0x00000034   Code   RO          886    .text.TIM_ETR_SetConfig  stm32f4xx_hal_tim.o
    0x08005480   0x08005480   0x0000002a   Code   RO          892    .text.TIM_ITRx_SetConfig  stm32f4xx_hal_tim.o
    0x080054aa   0x080054aa   0x00000002   PAD
    0x080054ac   0x080054ac   0x00000214   Code   RO         1267    .text.TIM_Init      drv_tim.o
    0x080056c0   0x080056c0   0x000000ea   Code   RO          844    .text.TIM_OC1_SetConfig  stm32f4xx_hal_tim.o
    0x080057aa   0x080057aa   0x00000002   PAD
    0x080057ac   0x080057ac   0x000000f4   Code   RO          846    .text.TIM_OC2_SetConfig  stm32f4xx_hal_tim.o
    0x080058a0   0x080058a0   0x000000f2   Code   RO          848    .text.TIM_OC3_SetConfig  stm32f4xx_hal_tim.o
    0x08005992   0x08005992   0x00000002   PAD
    0x08005994   0x08005994   0x000000a4   Code   RO          850    .text.TIM_OC4_SetConfig  stm32f4xx_hal_tim.o
    0x08005a38   0x08005a38   0x00000050   Code   RO          890    .text.TIM_TI1_ConfigInputStage  stm32f4xx_hal_tim.o
    0x08005a88   0x08005a88   0x00000052   Code   RO          894    .text.TIM_TI2_ConfigInputStage  stm32f4xx_hal_tim.o
    0x08005ada   0x08005ada   0x00000002   PAD
    0x08005adc   0x08005adc   0x000000ba   Code   RO         1483    .text.Task_Init     task.o
    0x08005b96   0x08005b96   0x00000002   PAD
    0x08005b98   0x08005b98   0x0000001c   Code   RO         1120    .text.UART_DMAAbortOnError  stm32f4xx_hal_uart.o
    0x08005bb4   0x08005bb4   0x0000007c   Code   RO         1066    .text.UART_DMAError  stm32f4xx_hal_uart.o
    0x08005c30   0x08005c30   0x000000f4   Code   RO         1152    .text.UART_DMAReceiveCplt  stm32f4xx_hal_uart.o
    0x08005d24   0x08005d24   0x00000034   Code   RO         1154    .text.UART_DMARxHalfCplt  stm32f4xx_hal_uart.o
    0x08005d58   0x08005d58   0x00000094   Code   RO         1080    .text.UART_EndRxTransfer  stm32f4xx_hal_uart.o
    0x08005dec   0x08005dec   0x00000026   Code   RO         1128    .text.UART_EndTransmit_IT  stm32f4xx_hal_uart.o
    0x08005e12   0x08005e12   0x00000002   PAD
    0x08005e14   0x08005e14   0x00000036   Code   RO         1078    .text.UART_EndTxTransfer  stm32f4xx_hal_uart.o
    0x08005e4a   0x08005e4a   0x00000002   PAD
    0x08005e4c   0x08005e4c   0x0000008a   Code   RO         1401    .text.UART_Init     drv_uart.o
    0x08005ed6   0x08005ed6   0x00000002   PAD
    0x08005ed8   0x08005ed8   0x00000168   Code   RO         1118    .text.UART_Receive_IT  stm32f4xx_hal_uart.o
    0x08006040   0x08006040   0x0000013a   Code   RO         1036    .text.UART_SetConfig  stm32f4xx_hal_uart.o
    0x0800617a   0x0800617a   0x00000002   PAD
    0x0800617c   0x0800617c   0x00000130   Code   RO         1070    .text.UART_Start_Receive_DMA  stm32f4xx_hal_uart.o
    0x080062ac   0x080062ac   0x00000094   Code   RO         1126    .text.UART_Transmit_IT  stm32f4xx_hal_uart.o
    0x08006340   0x08006340   0x00000010   Code   RO          148    .text.USART1_IRQHandler  stm32f4xx_it.o
    0x08006350   0x08006350   0x00000010   Code   RO          150    .text.USART2_IRQHandler  stm32f4xx_it.o
    0x08006360   0x08006360   0x00000010   Code   RO          152    .text.USART3_IRQHandler  stm32f4xx_it.o
    0x08006370   0x08006370   0x00000004   Code   RO          130    .text.UsageFault_Handler  stm32f4xx_it.o
    0x08006374   0x08006374   0x00000008   Code   RO         1487    .text._GLOBAL__sub_I_task.cpp  task.o
    0x0800637c   0x0800637c   0x000000e8   Code   RO         1229    .text._Z10DATA_Transhhhh  dvc_n100.o
    0x08006464   0x08006464   0x00000034   Code   RO         1329    .text._Z13CAN_Send_DataP17CAN_HandleTypeDeftPht  drv_can.o
    0x08006498   0x08006498   0x0000004e   Code   RO         1264    .text._Z14Math_ConstrainIfEvPT_S0_S0_  alg_pid.o
    0x080064e6   0x080064e6   0x00000002   PAD
    0x080064e8   0x080064e8   0x0000009c   Code   RO         1198    .text._Z16allocate_tx_dataP17CAN_HandleTypeDef16Enum_LK_Motor_ID  dvc_lkmotor.o
    0x08006584   0x08006584   0x0000000c   Code   RO         1479    .text._Z19Task_UART3_CallbackPht  task.o
    0x08006590   0x08006590   0x00000060   Code   RO         1481    .text._Z21Task1ms_TIM8_Callbackv  task.o
    0x080065f0   0x080065f0   0x0000009e   Code   RO         1325    .text._Z22can_filter_mask_configP17CAN_HandleTypeDefhjj  drv_can.o
    0x0800668e   0x0800668e   0x00000002   PAD
    0x08006690   0x08006690   0x00000046   Code   RO         1477    .text._Z28Chassis_Device_CAN1_CallbackP20Struct_CAN_Rx_Buffer  task.o
    0x080066d6   0x080066d6   0x00000002   PAD
    0x080066d8   0x080066d8   0x00000042   Code   RO         1335    .text._Z29TIM_CAN_PeriodElapsedCallbackv  drv_can.o
    0x0800671a   0x0800671a   0x00000002   PAD
    0x0800671c   0x0800671c   0x000000a2   Code   RO         1327    .text._Z8CAN_InitP17CAN_HandleTypeDefPFvP20Struct_CAN_Rx_BufferE  drv_can.o
    0x080067be   0x080067be   0x00000002   PAD
    0x080067c0   0x080067c0   0x00000036   Code   RO         1262    .text._Z8Math_AbsIfET_S0_  alg_pid.o
    0x080067f6   0x080067f6   0x00000002   PAD
    0x080067f8   0x080067f8   0x00000086   Code   RO         1231    .text._Z9timestamphhhhhhhh  dvc_n100.o
    0x0800687e   0x0800687e   0x00000002   PAD
    0x08006880   0x08006880   0x00000158   Code   RO         1233    .text._ZN10Class_N10012Data_ProcessEv  dvc_n100.o
    0x080069d8   0x080069d8   0x00000140   Code   RO         1235    .text._ZN10Class_N10018CAN_RxCpltCallbackEPh  dvc_n100.o
    0x08006b18   0x08006b18   0x00000050   Code   RO         1227    .text._ZN10Class_N1004InitEP17CAN_HandleTypeDef  dvc_n100.o
    0x08006b68   0x08006b68   0x00000010   Code   RO         1506    .text._ZN10Class_N100C2Ev  task.o
    0x08006b78   0x08006b78   0x0000001c   Code   RO         1466    .text._ZN11Class_EoCar35TIM_Calculate_PeriodElapsedCallbackEv  ita_car.o
    0x08006b94   0x08006b94   0x0000003a   Code   RO         1464    .text._ZN11Class_EoCar4InitEv  ita_car.o
    0x08006bce   0x08006bce   0x00000002   PAD
    0x08006bd0   0x08006bd0   0x00000028   Code   RO         1498    .text._ZN11Class_EoCarC2Ev  task.o
    0x08006bf8   0x08006bf8   0x00000016   Code   RO         1500    .text._ZN12Class_Gimbal23Set_Gimbal_Control_TypeE24Enum_Gimbal_Control_Type  task.o
    0x08006c0e   0x08006c0e   0x00000002   PAD
    0x08006c10   0x08006c10   0x00000018   Code   RO         1447    .text._ZN12Class_Gimbal35TIM_Calculate_PeriodElapsedCallbackEv  crt_gimbal.o
    0x08006c28   0x08006c28   0x000000bc   Code   RO         1443    .text._ZN12Class_Gimbal4InitEv  crt_gimbal.o
    0x08006ce4   0x08006ce4   0x00000058   Code   RO         1445    .text._ZN12Class_Gimbal6OutputEv  crt_gimbal.o
    0x08006d3c   0x08006d3c   0x0000001a   Code   RO         1504    .text._ZN12Class_GimbalC2Ev  task.o
    0x08006d56   0x08006d56   0x00000002   PAD
    0x08006d58   0x08006d58   0x0000015c   Code   RO         1202    .text._ZN14Class_LK_Motor12Data_ProcessEv  dvc_lkmotor.o
    0x08006eb4   0x08006eb4   0x00000034   Code   RO         1204    .text._ZN14Class_LK_Motor14Cale_Now_OmageEv  dvc_lkmotor.o
    0x08006ee8   0x08006ee8   0x00000014   Code   RO         1461    .text._ZN14Class_LK_Motor16Set_Target_AngleEf  crt_gimbal.o
    0x08006efc   0x08006efc   0x00000014   Code   RO         1459    .text._ZN14Class_LK_Motor17Set_Target_TorqueEf  crt_gimbal.o
    0x08006f10   0x08006f10   0x0000001c   Code   RO         1208    .text._ZN14Class_LK_Motor18CAN_RxCpltCallbackEPh  dvc_lkmotor.o
    0x08006f2c   0x08006f2c   0x00000016   Code   RO         1455    .text._ZN14Class_LK_Motor23Set_LK_Motor_Control_IDE24Enum_LK_Motor_Control_ID  crt_gimbal.o
    0x08006f42   0x08006f42   0x00000002   PAD
    0x08006f44   0x08006f44   0x00000016   Code   RO         1457    .text._ZN14Class_LK_Motor27Set_LK_Motor_Control_MethodE28Enum_LK_Motor_Control_Method  crt_gimbal.o
    0x08006f5a   0x08006f5a   0x00000002   PAD
    0x08006f5c   0x08006f5c   0x00000170   Code   RO         1212    .text._ZN14Class_LK_Motor33TIM_Process_PeriodElapsedCallbackEv  dvc_lkmotor.o
    0x080070cc   0x080070cc   0x000000b0   Code   RO         1200    .text._ZN14Class_LK_Motor4InitEP17CAN_HandleTypeDef16Enum_LK_Motor_IDfif28Enum_LK_Motor_Control_Method  dvc_lkmotor.o
    0x0800717c   0x0800717c   0x00000128   Code   RO         1206    .text._ZN14Class_LK_Motor6OutputEv  dvc_lkmotor.o
    0x080072a4   0x080072a4   0x0000009a   Code   RO         1512    .text._ZN14Class_LK_MotorC2Ev  task.o
    0x0800733e   0x0800733e   0x00000002   PAD
    0x08007340   0x08007340   0x00000130   Code   RO         1179    .text._ZN18Class_EncoderMotor21TIM_Encoder_CalculateEv  dvc_encodermotor.o
    0x08007470   0x08007470   0x0000000e   Code   RO         1440    .text._ZN18Class_EncoderMotor26Get_EncoderMotor_PWMOutputEv  crt_chassis.o
    0x0800747e   0x0800747e   0x00000002   PAD
    0x08007480   0x08007480   0x00000016   Code   RO         1436    .text._ZN18Class_EncoderMotor26Set_EncoderMotor_PWMOutputEs  crt_chassis.o
    0x08007496   0x08007496   0x00000002   PAD
    0x08007498   0x08007498   0x00000014   Code   RO         1438    .text._ZN18Class_EncoderMotor32Set_EncoderMotor_Target_VelocityEf  crt_chassis.o
    0x080074ac   0x080074ac   0x00000040   Code   RO         1183    .text._ZN18Class_EncoderMotor35TIM_Calculate_PeriodElapsedCallbackEv  dvc_encodermotor.o
    0x080074ec   0x080074ec   0x0000005a   Code   RO         1177    .text._ZN18Class_EncoderMotor4InitEP17TIM_HandleTypeDeftjff  dvc_encodermotor.o
    0x08007546   0x08007546   0x00000002   PAD
    0x08007548   0x08007548   0x0000001a   Code   RO         1508    .text._ZN18Class_EncoderMotorC2Ev  task.o
    0x08007562   0x08007562   0x00000002   PAD
    0x08007564   0x08007564   0x00000194   Code   RO         1426    .text._ZN22Class_Tricycle_Chassis16Speed_ResolutionEv  crt_chassis.o
    0x080076f8   0x080076f8   0x00000172   Code   RO         1428    .text._ZN22Class_Tricycle_Chassis35TIM_Calculate_PeriodElapsedCallbackEv  crt_chassis.o
    0x0800786a   0x0800786a   0x00000002   PAD
    0x0800786c   0x0800786c   0x000001bc   Code   RO         1424    .text._ZN22Class_Tricycle_Chassis4InitEfff  crt_chassis.o
    0x08007a28   0x08007a28   0x00000056   Code   RO         1502    .text._ZN22Class_Tricycle_ChassisC2Ev  task.o
    0x08007a7e   0x08007a7e   0x00000002   PAD
    0x08007a80   0x08007a80   0x00000012   Code   RO         1191    .text._ZN9Class_PID10Set_TargetEf  dvc_encodermotor.o
    0x08007a92   0x08007a92   0x00000002   PAD
    0x08007a94   0x08007a94   0x000002b0   Code   RO         1254    .text._ZN9Class_PID32TIM_Adjust_PeriodElapsedCallbackEv  alg_pid.o
    0x08007d44   0x08007d44   0x00000074   Code   RO         1252    .text._ZN9Class_PID4InitEfffffffffff16Enum_PID_D_First  alg_pid.o
    0x08007db8   0x08007db8   0x0000000e   Code   RO         1195    .text._ZN9Class_PID7Get_OutEv  dvc_encodermotor.o
    0x08007dc6   0x08007dc6   0x00000002   PAD
    0x08007dc8   0x08007dc8   0x00000012   Code   RO         1193    .text._ZN9Class_PID7Set_NowEf  dvc_encodermotor.o
    0x08007dda   0x08007dda   0x00000002   PAD
    0x08007ddc   0x08007ddc   0x00000030   Code   RO         1510    .text._ZN9Class_PIDC2Ev  task.o
    0x08007e0c   0x08007e0c   0x0000001c   Code   RO         1249    .text._ZNSt3__26__math3powB7v180000IiEEddd  dvc_n100.o
    0x08007e28   0x08007e28   0x0000002c   Code   RO         1247    .text._ZNSt3__26__math3powB7v180000IiiLi0EEENS_9__promoteIT_T0_vE4typeES3_S4_  dvc_n100.o
    0x08007e54   0x08007e54   0x00000030   Code   RO          544    .text.__NVIC_EnableIRQ  stm32f4xx_hal_cortex.o
    0x08007e84   0x08007e84   0x00000010   Code   RO          536    .text.__NVIC_GetPriorityGrouping  stm32f4xx_hal_cortex.o
    0x08007e94   0x08007e94   0x00000042   Code   RO          538    .text.__NVIC_SetPriority  stm32f4xx_hal_cortex.o
    0x08007ed6   0x08007ed6   0x00000002   PAD
    0x08007ed8   0x08007ed8   0x0000003c   Code   RO          532    .text.__NVIC_SetPriorityGrouping  stm32f4xx_hal_cortex.o
    0x08007f14   0x08007f14   0x00000010   Code   RO         1475    .text.__cxx_global_var_init  task.o
    0x08007f24   0x08007f24   0x00000054   Code   RO           11    .text.main          main.o
    0x08007f78   0x08007f78   0x00000030   Code   RO         1802    i.__ARM_fpclassify  m_wm.l(fpclassify.o)
    0x08007fa8   0x08007fa8   0x00000c60   Code   RO         1679    i.__hardfp_pow      m_wm.l(pow.o)
    0x08008c08   0x08008c08   0x000000f8   Code   RO         1804    i.__kernel_poly     m_wm.l(poly.o)
    0x08008d00   0x08008d00   0x00000030   Code   RO         1782    i.__mathlib_dbl_divzero  m_wm.l(dunder.o)
    0x08008d30   0x08008d30   0x00000014   Code   RO         1784    i.__mathlib_dbl_infnan2  m_wm.l(dunder.o)
    0x08008d44   0x08008d44   0x00000004   PAD
    0x08008d48   0x08008d48   0x00000020   Code   RO         1785    i.__mathlib_dbl_invalid  m_wm.l(dunder.o)
    0x08008d68   0x08008d68   0x00000020   Code   RO         1786    i.__mathlib_dbl_overflow  m_wm.l(dunder.o)
    0x08008d88   0x08008d88   0x00000020   Code   RO         1788    i.__mathlib_dbl_underflow  m_wm.l(dunder.o)
    0x08008da8   0x08008da8   0x00000018   Code   RO         1798    i.fabs              m_wm.l(fabs.o)
    0x08008dc0   0x08008dc0   0x0000006e   Code   RO         1809    i.sqrt              m_wm.l(sqrt.o)
    0x08008e2e   0x08008e2e   0x00000018   Code   RO         1744    x$fpl$basic         fz_wm.l(basic.o)
    0x08008e46   0x08008e46   0x00000002   PAD
    0x08008e48   0x08008e48   0x00000062   Code   RO         1659    x$fpl$d2f           fz_wm.l(d2f.o)
    0x08008eaa   0x08008eaa   0x00000002   PAD
    0x08008eac   0x08008eac   0x00000150   Code   RO         1746    x$fpl$dadd          fz_wm.l(daddsub_clz.o)
    0x08008ffc   0x08008ffc   0x00000010   Code   RO         1837    x$fpl$dcheck1       fz_wm.l(dcheck1.o)
    0x0800900c   0x0800900c   0x00000018   Code   RO         1839    x$fpl$dcmpinf       fz_wm.l(dcmpi.o)
    0x08009024   0x08009024   0x000002b4   Code   RO         1753    x$fpl$ddiv          fz_wm.l(ddiv.o)
    0x080092d8   0x080092d8   0x0000002e   Code   RO         1664    x$fpl$dflt          fz_wm.l(dflt_clz.o)
    0x08009306   0x08009306   0x00000002   PAD
    0x08009308   0x08009308   0x00000078   Code   RO         1760    x$fpl$dleqf         fz_wm.l(dleqf.o)
    0x08009380   0x08009380   0x00000154   Code   RO         1669    x$fpl$dmul          fz_wm.l(dmul.o)
    0x080094d4   0x080094d4   0x0000009c   Code   RO         1762    x$fpl$dnaninf       fz_wm.l(dnaninf.o)
    0x08009570   0x08009570   0x0000000c   Code   RO         1764    x$fpl$dretinf       fz_wm.l(dretinf.o)
    0x0800957c   0x0800957c   0x0000006c   Code   RO         1766    x$fpl$drleqf        fz_wm.l(drleqf.o)
    0x080095e8   0x080095e8   0x00000016   Code   RO         1747    x$fpl$drsb          fz_wm.l(daddsub_clz.o)
    0x080095fe   0x080095fe   0x00000002   PAD
    0x08009600   0x08009600   0x00000198   Code   RO         1841    x$fpl$dsqrt         fz_wm.l(dsqrt_umaal.o)
    0x08009798   0x08009798   0x000001dc   Code   RO         1748    x$fpl$dsub          fz_wm.l(daddsub_clz.o)
    0x08009974   0x08009974   0x00000056   Code   RO         1671    x$fpl$f2d           fz_wm.l(f2d.o)
    0x080099ca   0x080099ca   0x0000008c   Code   RO         1768    x$fpl$fnaninf       fz_wm.l(fnaninf.o)
    0x08009a56   0x08009a56   0x0000001a   Code   RO         1843    x$fpl$fpinit        fz_wm.l(fpinit.o)
    0x08009a70   0x08009a70   0x0000000a   Code   RO         1770    x$fpl$fretinf       fz_wm.l(fretinf.o)
    0x08009a7a   0x08009a7a   0x00000064   Code   RO         1866    x$fpl$retnan        fz_wm.l(retnan.o)
    0x08009ade   0x08009ade   0x0000005c   Code   RO         1772    x$fpl$scalbn        fz_wm.l(scalbn.o)
    0x08009b3a   0x08009b3a   0x00000030   Code   RO         1886    x$fpl$trapveneer    fz_wm.l(trapv.o)
    0x08009b6a   0x08009b6a   0x00000000   Code   RO         1774    x$fpl$usenofp       fz_wm.l(usenofp.o)
    0x08009b6a   0x08009b6a   0x00000006   PAD
    0x08009b70   0x08009b70   0x00000088   Data   RO         1682    .constdata          m_wm.l(pow.o)
    0x08009bf8   0x08009bf8   0x00000008   Data   RO         1806    .constdata          m_wm.l(qnan.o)
    0x08009c00   0x08009c00   0x00000010   Data   RO         1168    .rodata.AHBPrescTable  system_stm32f4xx.o
    0x08009c10   0x08009c10   0x00000008   Data   RO         1169    .rodata.APBPrescTable  system_stm32f4xx.o
    0x08009c18   0x08009c18   0x00000008   Data   RO          462    .rodata.DMA_CalcBaseAndBitshift.flagBitshiftOffset  stm32f4xx_hal_dma.o
    0x08009c20   0x08009c20   0x00000020   Data   RO         1947    Region$$Table       anon$$obj.o
    0x08009c40   0x08009c40   0x00000004   Data   RO         1491    .init_array         task.o
    0x08009c44   0x08009c40   0x00000000   Data   RO         1654    .init_array         c_w.l(init_aeabi.o)


    Execution Region RW_IRAM1 (Exec base: 0x20000000, Load base: 0x08009c48, Size: 0x00001918, Max: 0x0001c000, ABSOLUTE)

    Exec Addr    Load Addr    Size         Type   Attr      Idx    E Section Name        Object

    0x20000000   0x08009c48   0x00000004   Data   RW         1167    .data.SystemCoreClock  system_stm32f4xx.o
    0x20000004   0x08009c4c   0x00000001   Data   RW          662    .data.uwTickFreq    stm32f4xx_hal.o
    0x20000005   0x08009c4d   0x00000003   PAD
    0x20000008   0x08009c50   0x00000004   Data   RW          661    .data.uwTickPrio    stm32f4xx_hal.o
    0x2000000c   0x08009c54   0x00000004   PAD
    0x20000010        -       0x00000060   Zero   RW         1846    .bss                c_w.l(libspace.o)
    0x20000070        -       0x00000008   Zero   RW         1375    .bss.CAN1_0x141_Tx_Data  drv_can.o
    0x20000078        -       0x00000008   Zero   RW         1376    .bss.CAN1_0x142_Tx_Data  drv_can.o
    0x20000080        -       0x00000008   Zero   RW         1377    .bss.CAN1_0x143_Tx_Data  drv_can.o
    0x20000088        -       0x00000008   Zero   RW         1378    .bss.CAN1_0x144_Tx_Data  drv_can.o
    0x20000090        -       0x00000008   Zero   RW         1379    .bss.CAN1_0x145_Tx_Data  drv_can.o
    0x20000098        -       0x00000008   Zero   RW         1380    .bss.CAN1_0x146_Tx_Data  drv_can.o
    0x200000a0        -       0x00000008   Zero   RW         1381    .bss.CAN1_0x147_Tx_Data  drv_can.o
    0x200000a8        -       0x00000008   Zero   RW         1382    .bss.CAN1_0x148_Tx_Data  drv_can.o
    0x200000b0        -       0x0000002c   Zero   RW         1341    .bss.CAN1_Manage_Object  drv_can.o
    0x200000dc        -       0x0000002c   Zero   RW         1342    .bss.CAN2_Manage_Object  drv_can.o
    0x20000108        -       0x00000038   Zero   RW         1237    .bss.CanRxFifo      dvc_n100.o
    0x20000140        -       0x0000048c   Zero   RW         1490    .bss.EoCar          task.o
    0x200005cc        -       0x00000008   Zero   RW         1280    .bss.TIM10_Manage_Object  drv_tim.o
    0x200005d4        -       0x00000008   Zero   RW         1281    .bss.TIM11_Manage_Object  drv_tim.o
    0x200005dc        -       0x00000008   Zero   RW         1282    .bss.TIM12_Manage_Object  drv_tim.o
    0x200005e4        -       0x00000008   Zero   RW         1283    .bss.TIM13_Manage_Object  drv_tim.o
    0x200005ec        -       0x00000008   Zero   RW         1284    .bss.TIM14_Manage_Object  drv_tim.o
    0x200005f4        -       0x00000008   Zero   RW         1271    .bss.TIM1_Manage_Object  drv_tim.o
    0x200005fc        -       0x00000008   Zero   RW         1272    .bss.TIM2_Manage_Object  drv_tim.o
    0x20000604        -       0x00000008   Zero   RW         1273    .bss.TIM3_Manage_Object  drv_tim.o
    0x2000060c        -       0x00000008   Zero   RW         1274    .bss.TIM4_Manage_Object  drv_tim.o
    0x20000614        -       0x00000008   Zero   RW         1275    .bss.TIM5_Manage_Object  drv_tim.o
    0x2000061c        -       0x00000008   Zero   RW         1276    .bss.TIM6_Manage_Object  drv_tim.o
    0x20000624        -       0x00000008   Zero   RW         1277    .bss.TIM7_Manage_Object  drv_tim.o
    0x2000062c        -       0x00000008   Zero   RW         1278    .bss.TIM8_Manage_Object  drv_tim.o
    0x20000634        -       0x00000008   Zero   RW         1279    .bss.TIM9_Manage_Object  drv_tim.o
    0x2000063c        -       0x00000410   Zero   RW         1409    .bss.UART1_Manage_Object  drv_uart.o
    0x20000a4c        -       0x00000410   Zero   RW         1414    .bss.UART6_Manage_Object  drv_uart.o
    0x20000e5c        -       0x00000001   Zero   RW         1393    .bss._ZZ29TIM_CAN_PeriodElapsedCallbackvE4mod2  drv_can.o
    0x20000e5d   0x08009c54   0x00000003   PAD
    0x20000e60        -       0x00000004   Zero   RW         1218    .bss._ZZN14Class_LK_Motor14Cale_Now_OmageEvE13Pre_Now_Angle  dvc_lkmotor.o
    0x20000e64        -       0x00000001   Zero   RW         1238    .bss.acc_flag       dvc_n100.o
    0x20000e65        -       0x00000001   Zero   RW         1239    .bss.data_num       dvc_n100.o
    0x20000e66   0x08009c54   0x00000002   PAD
    0x20000e68        -       0x00000028   Zero   RW           39    .bss.hcan1          can.o
    0x20000e90        -       0x00000060   Zero   RW          112    .bss.hdma_usart1_rx  usart.o
    0x20000ef0        -       0x00000060   Zero   RW          113    .bss.hdma_usart2_rx  usart.o
    0x20000f50        -       0x00000060   Zero   RW          114    .bss.hdma_usart3_rx  usart.o
    0x20000fb0        -       0x00000048   Zero   RW           83    .bss.htim1          tim.o
    0x20000ff8        -       0x00000048   Zero   RW           90    .bss.htim10         tim.o
    0x20001040        -       0x00000048   Zero   RW           91    .bss.htim11         tim.o
    0x20001088        -       0x00000048   Zero   RW           84    .bss.htim2          tim.o
    0x200010d0        -       0x00000048   Zero   RW           85    .bss.htim3          tim.o
    0x20001118        -       0x00000048   Zero   RW           86    .bss.htim4          tim.o
    0x20001160        -       0x00000048   Zero   RW           87    .bss.htim5          tim.o
    0x200011a8        -       0x00000048   Zero   RW           88    .bss.htim8          tim.o
    0x200011f0        -       0x00000048   Zero   RW           89    .bss.htim9          tim.o
    0x20001238        -       0x00000048   Zero   RW          109    .bss.huart1         usart.o
    0x20001280        -       0x00000048   Zero   RW          110    .bss.huart2         usart.o
    0x200012c8        -       0x00000048   Zero   RW          111    .bss.huart3         usart.o
    0x20001310        -       0x00000001   Zero   RW         1240    .bss.last_count     dvc_n100.o
    0x20001311   0x08009c54   0x00000003   PAD
    0x20001314        -       0x00000004   Zero   RW          663    .bss.uwTick         stm32f4xx_hal.o
    0x20001318        -       0x00000200   Zero   RW            2    HEAP                startup_stm32f407xx.o
    0x20001518        -       0x00000400   Zero   RW            1    STACK               startup_stm32f407xx.o


    Execution Region RW_IRAM2 (Exec base: 0x2001c000, Load base: 0x08009c58, Size: 0x00000000, Max: 0x00004000, ABSOLUTE)

    **** No section assigned to this execution region ****


==============================================================================

Image component sizes


      Code (inc. data)   RO Data    RW Data    ZI Data      Debug   Object Name

       936          0          0          0          0      17650   alg_pid.o
       258          0          0          0         40       5938   can.o
      1274         32          0          0          0      21867   crt_chassis.o
       384         28          0          0          0      22846   crt_gimbal.o
       132          0          0          0          0       3315   dma.o
       678          0          0          0        153      12526   drv_can.o
      1008          0          0          0        112       4862   drv_tim.o
       290          0          0          0       2080       6530   drv_uart.o
       508         12          0          0          0      20259   dvc_encodermotor.o
      1424         84          0          0          4      25644   dvc_lkmotor.o
      1182          8          0          0         59      19497   dvc_n100.o
       216          0          0          0          0       2059   gpio.o
        86          0          0          0          0      25660   ita_car.o
       276          0          0          0          0       2777   main.o
        64         26        392          0       1536        840   startup_stm32f407xx.o
       204          0          0          5          4       7099   stm32f4xx_hal.o
      3082          0          0          0          0      11539   stm32f4xx_hal_can.o
       482          0          0          0          0       9710   stm32f4xx_hal_cortex.o
      2068          8          8          0          0       8488   stm32f4xx_hal_dma.o
       996          0          0          0          0       5084   stm32f4xx_hal_gpio.o
        74          0          0          0          0       1466   stm32f4xx_hal_msp.o
      2646          0          0          0          0       7588   stm32f4xx_hal_rcc.o
      4556         14          0          0          0      36009   stm32f4xx_hal_tim.o
       484          0          0          0          0      15324   stm32f4xx_hal_tim_ex.o
      3304          0          0          0          0      20419   stm32f4xx_hal_uart.o
       226          0          0          0          0       2177   stm32f4xx_it.o
        18          0         24          4          0       2495   system_stm32f4xx.o
       806          0          4          0       1164      28283   task.o
      2802          0          0          0        648      11856   tim.o
       896          0          0          0        504       7656   usart.o

    ----------------------------------------------------------------------
     31516        212        460         12       6316     367463   Object Totals
         0          0         32          0          0          0   (incl. Generated)
       156          0          0          3         12          0   (incl. Padding)

    ----------------------------------------------------------------------

      Code (inc. data)   RO Data    RW Data    ZI Data      Debug   Library Member Name

         8          0          0          0          0         68   __main.o
         0          0          0          0          0          0   __rtentry.o
        12          0          0          0          0          0   __rtentry2.o
         6          0          0          0          0          0   __rtentry4.o
        94          8          0          0          0          0   __scatter.o
        26          0          0          0          0          0   __scatter_copy.o
        28          0          0          0          0          0   __scatter_zi.o
        22          0          0          0          0        100   _rserrno.o
        18          0          0          0          0         80   exit.o
         6          0          0          0          0        152   heapauxi.o
         0          0          0          0          0          0   indicate_semi.o
        44          8          0          0          0         80   init_aeabi.o
         2          0          0          0          0          0   libinit.o
        10          0          0          0          0          0   libinit2.o
         2          0          0          0          0          0   libshutdown.o
         2          0          0          0          0          0   libshutdown2.o
         8          4          0          0         96         68   libspace.o
       240          0          0          0          0        100   lludivv7m.o
         8          4          0          0          0         68   rt_errno_addr_intlibspace.o
        78          0          0          0          0         80   rt_memclr_w.o
         2          0          0          0          0          0   rtexit.o
        10          0          0          0          0          0   rtexit2.o
        12          4          0          0          0         68   sys_exit.o
        74          0          0          0          0         80   sys_stackheap_outer.o
         2          0          0          0          0         68   use_no_semi.o
        24          0          0          0          0        164   basic.o
        98          4          0          0          0        140   d2f.o
       834         16          0          0          0        516   daddsub_clz.o
        16          4          0          0          0        116   dcheck1.o
        24          0          0          0          0        116   dcmpi.o
       692        140          0          0          0        264   ddiv.o
        46          0          0          0          0        116   dflt_clz.o
       120          4          0          0          0        140   dleqf.o
       340         12          0          0          0        152   dmul.o
       156          4          0          0          0        140   dnaninf.o
        12          0          0          0          0        116   dretinf.o
       108          0          0          0          0        128   drleqf.o
       408         56          0          0          0        168   dsqrt_umaal.o
        86          4          0          0          0        132   f2d.o
       140          4          0          0          0        132   fnaninf.o
        26          0          0          0          0        116   fpinit.o
        10          0          0          0          0        116   fretinf.o
       100          0          0          0          0        116   retnan.o
        92          0          0          0          0        116   scalbn.o
        48          0          0          0          0        116   trapv.o
         0          0          0          0          0          0   usenofp.o
       164         44          0          0          0        620   dunder.o
        24          0          0          0          0        124   fabs.o
        48          0          0          0          0        124   fpclassify.o
       248          0          0          0          0        152   poly.o
      3168        296        136          0          0        352   pow.o
         0          0          8          0          0          0   qnan.o
       110          0          0          0          0        148   sqrt.o

    ----------------------------------------------------------------------
      7884        616        144          0         96       5652   Library Totals
        28          0          0          0          0          0   (incl. Padding)

    ----------------------------------------------------------------------

      Code (inc. data)   RO Data    RW Data    ZI Data      Debug   Library Name

       714         28          0          0         96       1012   c_w.l
      3380        248          0          0          0       3120   fz_wm.l
      3762        340        144          0          0       1520   m_wm.l

    ----------------------------------------------------------------------
      7884        616        144          0         96       5652   Library Totals

    ----------------------------------------------------------------------

==============================================================================


      Code (inc. data)   RO Data    RW Data    ZI Data      Debug   

     39400        828        604         12       6412     369207   Grand Totals
     39400        828        604         12       6412     369207   ELF Image Totals
     39400        828        604         12          0          0   ROM Totals

==============================================================================

    Total RO  Size (Code + RO Data)                40004 (  39.07kB)
    Total RW  Size (RW Data + ZI Data)              6424 (   6.27kB)
    Total ROM Size (Code + RO Data + RW Data)      40016 (  39.08kB)

==============================================================================

